{
  "name": "Test.With",
  "scope-global": [
    {
      "name": "Agda.Builtin.Nat.Nat<6>",
      "type": {
        "pretty": "Set",
        "dependency-level": 0,
        "tag": "Sort",
        "sort": "Set"
      },
      "definition": {
        "pretty": "(zero : Nat) | (suc : Nat → Nat)",
        "tag": "ADT",
        "variants": [
          {
            "dependency-level": 0,
            "tag": "ScopeReference",
            "ref-name": "Agda.Builtin.Nat.Nat<6>"
          },
          {
            "dependency-level": 0,
            "tag": "Pi",
            "bound-name": "n",
            "domain": {
              "tag": "ScopeReference",
              "ref-name": "Agda.Builtin.Nat.Nat<6>"
            },
            "codomain": {
              "tag": "ScopeReference",
              "ref-name": "Agda.Builtin.Nat.Nat<6>"
            }
          }
        ]
      }
    },
    {
      "name": "Agda.Builtin.Nat.Nat.zero<8>",
      "type": {
        "pretty": "Nat",
        "dependency-level": 0,
        "tag": "ScopeReference",
        "ref-name": "Agda.Builtin.Nat.Nat<6>"
      },
      "definition": {
        "pretty": "Nat@0",
        "tag": "Constructor",
        "reference": "Agda.Builtin.Nat.Nat",
        "variant": 0
      }
    },
    {
      "name": "Agda.Builtin.Nat.Nat.suc<12>",
      "type": {
        "pretty": "Nat → Nat",
        "dependency-level": 0,
        "tag": "Pi",
        "bound-name": "n",
        "domain": {
          "tag": "ScopeReference",
          "ref-name": "Agda.Builtin.Nat.Nat<6>"
        },
        "codomain": {
          "tag": "ScopeReference",
          "ref-name": "Agda.Builtin.Nat.Nat<6>"
        }
      },
      "definition": {
        "pretty": "Nat@1",
        "tag": "Constructor",
        "reference": "Agda.Builtin.Nat.Nat",
        "variant": 1
      }
    }
  ],
  "scope-local": [
    {
      "name": "Test.With.g<4>",
      "type": {
        "pretty": "Nat → Nat",
        "dependency-level": 0,
        "tag": "Pi",
        "bound-name": "_",
        "domain": {
          "tag": "ScopeReference",
          "ref-name": "Agda.Builtin.Nat.Nat<6>"
        },
        "codomain": {
          "tag": "ScopeReference",
          "ref-name": "Agda.Builtin.Nat.Nat<6>"
        }
      },
      "definition": {
        "pretty": "<Axiom>",
        "tag": "Postulate"
      },
      "holes": []
    },
    {
      "name": "Test.With.f<6>",
      "type": {
        "pretty": "Nat → Nat",
        "dependency-level": 0,
        "tag": "Pi",
        "bound-name": "_",
        "domain": {
          "tag": "ScopeReference",
          "ref-name": "Agda.Builtin.Nat.Nat<6>"
        },
        "codomain": {
          "tag": "ScopeReference",
          "ref-name": "Agda.Builtin.Nat.Nat<6>"
        }
      },
      "definition": {
        "pretty": "f n = f n | g n",
        "tag": "Function",
        "clauses": [
          {
            "telescope": [
              {
                "pretty": "(n : Nat)",
                "name": "n",
                "dependency-level": 0,
                "tag": "ScopeReference",
                "ref-name": "Agda.Builtin.Nat.Nat<6>"
              }
            ],
            "patterns": [
              {
                "tag": "DeBruijn",
                "index": 0
              }
            ],
            "body": {
              "tag": "Application",
              "head": {
                "tag": "ScopeReference",
                "ref-name": "Test.With.with-10<12>"
              },
              "arguments": [
                {
                  "tag": "DeBruijn",
                  "index": 0
                },
                {
                  "tag": "Application",
                  "head": {
                    "tag": "ScopeReference",
                    "ref-name": "Test.With.g<4>"
                  },
                  "arguments": [
                    {
                      "tag": "DeBruijn",
                      "index": 0
                    }
                  ]
                }
              ]
            }
          }
        ]
      },
      "holes": [
        {
          "ctx": {
            "pretty": "(n : Nat)",
            "telescope": [
              {
                "pretty": "(n : Nat)",
                "name": "n",
                "dependency-level": 0,
                "tag": "ScopeReference",
                "ref-name": "Agda.Builtin.Nat.Nat<6>"
              }
            ]
          },
          "goal": {
            "pretty": "Nat",
            "dependency-level": 0,
            "tag": "ScopeReference",
            "ref-name": "Agda.Builtin.Nat.Nat<6>"
          },
          "term": {
            "pretty": "f n | g n",
            "tag": "Application",
            "head": {
              "tag": "ScopeReference",
              "ref-name": "Test.With.with-10<12>"
            },
            "arguments": [
              {
                "tag": "DeBruijn",
                "index": 0
              },
              {
                "tag": "Application",
                "head": {
                  "tag": "ScopeReference",
                  "ref-name": "Test.With.g<4>"
                },
                "arguments": [
                  {
                    "tag": "DeBruijn",
                    "index": 0
                  }
                ]
              }
            ]
          },
          "premises": [
            "Test.With.with-10<12>",
            "Test.With.g<4>"
          ]
        },
        {
          "ctx": {
            "pretty": "(n₁ : Nat)",
            "telescope": [
              {
                "pretty": "(n : Nat)",
                "name": "n",
                "dependency-level": 0,
                "tag": "ScopeReference",
                "ref-name": "Agda.Builtin.Nat.Nat<6>"
              }
            ]
          },
          "goal": {
            "pretty": "Nat",
            "dependency-level": 0,
            "tag": "ScopeReference",
            "ref-name": "Agda.Builtin.Nat.Nat<6>"
          },
          "term": {
            "pretty": "g n",
            "tag": "Application",
            "head": {
              "tag": "ScopeReference",
              "ref-name": "Test.With.g<4>"
            },
            "arguments": [
              {
                "tag": "DeBruijn",
                "index": 0
              }
            ]
          },
          "premises": [
            "Test.With.g<4>"
          ]
        }
      ]
    }
  ],
  "scope-private": [
    {
      "name": "Test.With.with-10<12>",
      "type": {
        "pretty": "(n : Nat) → Nat → Nat",
        "dependency-level": 0,
        "tag": "Pi",
        "bound-name": "n",
        "domain": {
          "tag": "ScopeReference",
          "ref-name": "Agda.Builtin.Nat.Nat<6>"
        },
        "codomain": {
          "tag": "Pi",
          "bound-name": "w",
          "domain": {
            "tag": "ScopeReference",
            "ref-name": "Agda.Builtin.Nat.Nat<6>"
          },
          "codomain": {
            "tag": "ScopeReference",
            "ref-name": "Agda.Builtin.Nat.Nat<6>"
          }
        }
      },
      "definition": {
        "pretty": "... | zero = zero | ... | suc n = suc (suc (g n))",
        "tag": "Function",
        "clauses": [
          {
            "telescope": [
              {
                "pretty": "(n : Nat)",
                "name": "n",
                "dependency-level": 0,
                "tag": "ScopeReference",
                "ref-name": "Agda.Builtin.Nat.Nat<6>"
              }
            ],
            "patterns": [
              {
                "tag": "DeBruijn",
                "index": 0
              },
              {
                "tag": "ScopeReference",
                "ref-name": "Agda.Builtin.Nat.Nat.zero"
              }
            ],
            "body": {
              "tag": "ScopeReference",
              "ref-name": "Agda.Builtin.Nat.Nat.zero<8>"
            }
          },
          {
            "telescope": [
              {
                "pretty": "(n : Nat)",
                "name": "n",
                "dependency-level": 0,
                "tag": "ScopeReference",
                "ref-name": "Agda.Builtin.Nat.Nat<6>"
              },
              {
                "pretty": "(n : Nat)",
                "name": "n",
                "dependency-level": 0,
                "tag": "ScopeReference",
                "ref-name": "Agda.Builtin.Nat.Nat<6>"
              }
            ],
            "patterns": [
              {
                "tag": "DeBruijn",
                "index": 1
              },
              {
                "tag": "Application",
                "head": {
                  "tag": "ScopeReference",
                  "ref-name": "Agda.Builtin.Nat.Nat.suc"
                },
                "arguments": [
                  {
                    "tag": "DeBruijn",
                    "index": 0
                  }
                ]
              }
            ],
            "body": {
              "tag": "Application",
              "head": {
                "tag": "ScopeReference",
                "ref-name": "Agda.Builtin.Nat.Nat.suc<12>"
              },
              "arguments": [
                {
                  "tag": "Application",
                  "head": {
                    "tag": "ScopeReference",
                    "ref-name": "Agda.Builtin.Nat.Nat.suc<12>"
                  },
                  "arguments": [
                    {
                      "tag": "Application",
                      "head": {
                        "tag": "ScopeReference",
                        "ref-name": "Test.With.g<4>"
                      },
                      "arguments": [
                        {
                          "tag": "DeBruijn",
                          "index": 0
                        }
                      ]
                    }
                  ]
                }
              ]
            }
          }
        ]
      },
      "holes": [
        {
          "ctx": {
            "pretty": "(n : Nat)",
            "telescope": [
              {
                "pretty": "(n : Nat)",
                "name": "n",
                "dependency-level": 0,
                "tag": "ScopeReference",
                "ref-name": "Agda.Builtin.Nat.Nat<6>"
              }
            ]
          },
          "goal": {
            "pretty": "Nat",
            "dependency-level": 0,
            "tag": "ScopeReference",
            "ref-name": "Agda.Builtin.Nat.Nat<6>"
          },
          "term": {
            "pretty": "zero",
            "original": {
              "tag": "ScopeReference",
              "ref-name": "Agda.Builtin.Nat.Nat.zero<8>"
            },
            "reduced": {
              "tag": "Literal",
              "literal": "0"
            }
          },
          "premises": [
            "Agda.Builtin.Nat.Nat.zero<8>"
          ]
        },
        {
          "ctx": {
            "pretty": "(n : Nat) (n₁ : Nat)",
            "telescope": [
              {
                "pretty": "(n : Nat)",
                "name": "n",
                "dependency-level": 0,
                "tag": "ScopeReference",
                "ref-name": "Agda.Builtin.Nat.Nat<6>"
              },
              {
                "pretty": "(n : Nat)",
                "name": "n",
                "dependency-level": 0,
                "tag": "ScopeReference",
                "ref-name": "Agda.Builtin.Nat.Nat<6>"
              }
            ]
          },
          "goal": {
            "pretty": "Nat",
            "dependency-level": 0,
            "tag": "ScopeReference",
            "ref-name": "Agda.Builtin.Nat.Nat<6>"
          },
          "term": {
            "pretty": "suc (suc (g n))",
            "tag": "Application",
            "head": {
              "tag": "ScopeReference",
              "ref-name": "Agda.Builtin.Nat.Nat.suc<12>"
            },
            "arguments": [
              {
                "tag": "Application",
                "head": {
                  "tag": "ScopeReference",
                  "ref-name": "Agda.Builtin.Nat.Nat.suc<12>"
                },
                "arguments": [
                  {
                    "tag": "Application",
                    "head": {
                      "tag": "ScopeReference",
                      "ref-name": "Test.With.g<4>"
                    },
                    "arguments": [
                      {
                        "tag": "DeBruijn",
                        "index": 0
                      }
                    ]
                  }
                ]
              }
            ]
          },
          "premises": [
            "Agda.Builtin.Nat.Nat.suc<12>",
            "Test.With.g<4>"
          ]
        },
        {
          "ctx": {
            "pretty": "(n₁ : Nat) (n₂ : Nat)",
            "telescope": [
              {
                "pretty": "(n : Nat)",
                "name": "n",
                "dependency-level": 0,
                "tag": "ScopeReference",
                "ref-name": "Agda.Builtin.Nat.Nat<6>"
              },
              {
                "pretty": "(n : Nat)",
                "name": "n",
                "dependency-level": 0,
                "tag": "ScopeReference",
                "ref-name": "Agda.Builtin.Nat.Nat<6>"
              }
            ]
          },
          "goal": {
            "pretty": "Nat",
            "dependency-level": 0,
            "tag": "ScopeReference",
            "ref-name": "Agda.Builtin.Nat.Nat<6>"
          },
          "term": {
            "pretty": "suc (g n)",
            "tag": "Application",
            "head": {
              "tag": "ScopeReference",
              "ref-name": "Agda.Builtin.Nat.Nat.suc<12>"
            },
            "arguments": [
              {
                "tag": "Application",
                "head": {
                  "tag": "ScopeReference",
                  "ref-name": "Test.With.g<4>"
                },
                "arguments": [
                  {
                    "tag": "DeBruijn",
                    "index": 0
                  }
                ]
              }
            ]
          },
          "premises": [
            "Agda.Builtin.Nat.Nat.suc<12>",
            "Test.With.g<4>"
          ]
        },
        {
          "ctx": {
            "pretty": "(n₁ : Nat) (n₂ : Nat)",
            "telescope": [
              {
                "pretty": "(n : Nat)",
                "name": "n",
                "dependency-level": 0,
                "tag": "ScopeReference",
                "ref-name": "Agda.Builtin.Nat.Nat<6>"
              },
              {
                "pretty": "(n : Nat)",
                "name": "n",
                "dependency-level": 0,
                "tag": "ScopeReference",
                "ref-name": "Agda.Builtin.Nat.Nat<6>"
              }
            ]
          },
          "goal": {
            "pretty": "Nat",
            "dependency-level": 0,
            "tag": "ScopeReference",
            "ref-name": "Agda.Builtin.Nat.Nat<6>"
          },
          "term": {
            "pretty": "g n",
            "tag": "Application",
            "head": {
              "tag": "ScopeReference",
              "ref-name": "Test.With.g<4>"
            },
            "arguments": [
              {
                "tag": "DeBruijn",
                "index": 0
              }
            ]
          },
          "premises": [
            "Test.With.g<4>"
          ]
        }
      ]
    }
  ]
}