{
  "name": "Test.PropEq",
  "scope-global": [
    {
      "name": "Agda.Builtin.Nat.Nat<6>",
      "type": {
        "pretty": "Set",
        "tag": "Sort",
        "sort": "Set"
      },
      "definition": {
        "pretty": "(zero : Nat) | (suc : Nat → Nat)",
        "tag": "ADT",
        "variants": [
          {
            "tag": "ScopeReference",
            "name": "Agda.Builtin.Nat.Nat<6>"
          },
          {
            "tag": "Pi",
            "name": "n",
            "domain": {
              "tag": "ScopeReference",
              "name": "Agda.Builtin.Nat.Nat<6>"
            },
            "codomain": {
              "tag": "ScopeReference",
              "name": "Agda.Builtin.Nat.Nat<6>"
            }
          }
        ]
      }
    },
    {
      "name": "Agda.Builtin.Equality._≡_<12>",
      "type": {
        "pretty": "{a : Agda.Primitive.Level} {A : Set a} → A → A → Set a",
        "tag": "Pi",
        "name": "a",
        "domain": {
          "tag": "ScopeReference",
          "name": "Agda.Primitive.Level<14>"
        },
        "codomain": {
          "tag": "Pi",
          "name": "A",
          "domain": {
            "tag": "Sort",
            "sort": "Set @0"
          },
          "codomain": {
            "tag": "Pi",
            "name": "x",
            "domain": {
              "tag": "DeBruijn",
              "index": 0
            },
            "codomain": {
              "tag": "Pi",
              "name": "_",
              "domain": {
                "tag": "DeBruijn",
                "index": 0
              },
              "codomain": {
                "tag": "Sort",
                "sort": "Set @1"
              }
            }
          }
        }
      },
      "definition": {
        "pretty": "(refl : {a : Agda.Primitive.Level} {A : Set a} {x : A} → x ≡ x)",
        "tag": "ADT",
        "variants": [
          {
            "tag": "Pi",
            "name": "a",
            "domain": {
              "tag": "ScopeReference",
              "name": "Agda.Primitive.Level<14>"
            },
            "codomain": {
              "tag": "Pi",
              "name": "A",
              "domain": {
                "tag": "Sort",
                "sort": "Set @0"
              },
              "codomain": {
                "tag": "Pi",
                "name": "x",
                "domain": {
                  "tag": "DeBruijn",
                  "index": 0
                },
                "codomain": {
                  "tag": "Application",
                  "head": {
                    "tag": "ScopeReference",
                    "name": "Agda.Builtin.Equality._≡_<12>"
                  },
                  "arguments": [
                    {
                      "tag": "DeBruijn",
                      "index": 2
                    },
                    {
                      "tag": "DeBruijn",
                      "index": 1
                    },
                    {
                      "tag": "DeBruijn",
                      "index": 0
                    },
                    {
                      "tag": "DeBruijn",
                      "index": 0
                    }
                  ]
                }
              }
            }
          }
        ]
      }
    },
    {
      "name": "Agda.Builtin.Nat.Nat.suc<12>",
      "type": {
        "pretty": "Nat → Nat",
        "tag": "Pi",
        "name": "n",
        "domain": {
          "tag": "ScopeReference",
          "name": "Agda.Builtin.Nat.Nat<6>"
        },
        "codomain": {
          "tag": "ScopeReference",
          "name": "Agda.Builtin.Nat.Nat<6>"
        }
      },
      "definition": {
        "pretty": "Nat@1",
        "tag": "Constructor",
        "reference": "Agda.Builtin.Nat.Nat",
        "variant": 1
      }
    },
    {
      "name": "Agda.Builtin.Equality._≡_.refl<20>",
      "type": {
        "pretty": "{a : Agda.Primitive.Level} {A : Set a} {x : A} → x ≡ x",
        "tag": "Pi",
        "name": "a",
        "domain": {
          "tag": "ScopeReference",
          "name": "Agda.Primitive.Level<14>"
        },
        "codomain": {
          "tag": "Pi",
          "name": "A",
          "domain": {
            "tag": "Sort",
            "sort": "Set @0"
          },
          "codomain": {
            "tag": "Pi",
            "name": "x",
            "domain": {
              "tag": "DeBruijn",
              "index": 0
            },
            "codomain": {
              "tag": "Application",
              "head": {
                "tag": "ScopeReference",
                "name": "Agda.Builtin.Equality._≡_<12>"
              },
              "arguments": [
                {
                  "tag": "DeBruijn",
                  "index": 2
                },
                {
                  "tag": "DeBruijn",
                  "index": 1
                },
                {
                  "tag": "DeBruijn",
                  "index": 0
                },
                {
                  "tag": "DeBruijn",
                  "index": 0
                }
              ]
            }
          }
        }
      },
      "definition": {
        "pretty": "_≡_@0",
        "tag": "Constructor",
        "reference": "Agda.Builtin.Equality._≡_",
        "variant": 0
      }
    }
  ],
  "scope-local": [
    {
      "name": "Test.PropEq.reflℕ<6>",
      "type": {
        "pretty": "(n : Nat) → n ≡ n",
        "tag": "Pi",
        "name": "n",
        "domain": {
          "tag": "ScopeReference",
          "name": "Agda.Builtin.Nat.Nat<6>"
        },
        "codomain": {
          "tag": "Application",
          "head": {
            "tag": "ScopeReference",
            "name": "Agda.Builtin.Equality._≡_<12>"
          },
          "arguments": [
            {
              "tag": "Level",
              "level": "lzero"
            },
            {
              "tag": "ScopeReference",
              "name": "Agda.Builtin.Nat.Nat<6>"
            },
            {
              "tag": "DeBruijn",
              "index": 0
            },
            {
              "tag": "DeBruijn",
              "index": 0
            }
          ]
        }
      },
      "definition": {
        "pretty": "reflℕ n = refl",
        "tag": "Function",
        "clauses": [
          {
            "telescope": [
              {
                "pretty": "(n : Nat)",
                "tag": "ScopeReference",
                "name": "Agda.Builtin.Nat.Nat<6>"
              }
            ],
            "patterns": [
              {
                "tag": "DeBruijn",
                "index": 0
              }
            ],
            "body": {
              "tag": "ScopeReference",
              "name": "Agda.Builtin.Equality._≡_.refl<20>"
            }
          }
        ]
      },
      "holes": [
        {
          "ctx": {
            "pretty": "(n : Nat)",
            "telescope": [
              {
                "pretty": "(n : Nat)",
                "tag": "ScopeReference",
                "name": "Agda.Builtin.Nat.Nat<6>"
              }
            ]
          },
          "goal": {
            "pretty": "n ≡ n",
            "tag": "Application",
            "head": {
              "tag": "ScopeReference",
              "name": "Agda.Builtin.Equality._≡_<12>"
            },
            "arguments": [
              {
                "tag": "Level",
                "level": "lzero"
              },
              {
                "tag": "ScopeReference",
                "name": "Agda.Builtin.Nat.Nat<6>"
              },
              {
                "tag": "DeBruijn",
                "index": 0
              },
              {
                "tag": "DeBruijn",
                "index": 0
              }
            ]
          },
          "term": {
            "pretty": "refl",
            "tag": "ScopeReference",
            "name": "Agda.Builtin.Equality._≡_.refl<20>"
          },
          "premises": [
            "Agda.Builtin.Equality._≡_.refl<20>"
          ]
        }
      ]
    },
    {
      "name": "Test.PropEq.symℕ<14>",
      "type": {
        "pretty": "(n m : Nat) → n ≡ suc m → Nat",
        "tag": "Pi",
        "name": "n",
        "domain": {
          "tag": "ScopeReference",
          "name": "Agda.Builtin.Nat.Nat<6>"
        },
        "codomain": {
          "tag": "Pi",
          "name": "m",
          "domain": {
            "tag": "ScopeReference",
            "name": "Agda.Builtin.Nat.Nat<6>"
          },
          "codomain": {
            "tag": "Pi",
            "name": "_",
            "domain": {
              "tag": "Application",
              "head": {
                "tag": "ScopeReference",
                "name": "Agda.Builtin.Equality._≡_<12>"
              },
              "arguments": [
                {
                  "tag": "Level",
                  "level": "lzero"
                },
                {
                  "tag": "ScopeReference",
                  "name": "Agda.Builtin.Nat.Nat<6>"
                },
                {
                  "tag": "DeBruijn",
                  "index": 1
                },
                {
                  "tag": "Application",
                  "head": {
                    "tag": "ScopeReference",
                    "name": "Agda.Builtin.Nat.Nat.suc<12>"
                  },
                  "arguments": [
                    {
                      "tag": "DeBruijn",
                      "index": 0
                    }
                  ]
                }
              ]
            },
            "codomain": {
              "tag": "ScopeReference",
              "name": "Agda.Builtin.Nat.Nat<6>"
            }
          }
        }
      },
      "definition": {
        "pretty": "symℕ (suc k) .k refl = k | symℕ Nat.zero m ()",
        "tag": "Function",
        "clauses": [
          {
            "telescope": [
              {
                "pretty": "(k : Nat)",
                "tag": "ScopeReference",
                "name": "Agda.Builtin.Nat.Nat<6>"
              }
            ],
            "patterns": [
              {
                "tag": "Application",
                "head": {
                  "tag": "ScopeReference",
                  "name": "Agda.Builtin.Nat.Nat.suc"
                },
                "arguments": [
                  {
                    "tag": "DeBruijn",
                    "index": 0
                  }
                ]
              },
              {
                "tag": "DeBruijn",
                "index": 0
              },
              {
                "tag": "ScopeReference",
                "name": "Agda.Builtin.Equality._≡_.refl"
              }
            ],
            "body": {
              "tag": "DeBruijn",
              "index": 0
            }
          },
          {
            "telescope": [
              {
                "pretty": "(m : Nat)",
                "tag": "ScopeReference",
                "name": "Agda.Builtin.Nat.Nat<6>"
              },
              {
                "pretty": "(_ : Nat.zero ≡ suc @0)",
                "tag": "Application",
                "name": "_",
                "head": {
                  "tag": "ScopeReference",
                  "name": "Agda.Builtin.Equality._≡_<12>"
                },
                "arguments": [
                  {
                    "tag": "Level",
                    "level": "lzero"
                  },
                  {
                    "tag": "ScopeReference",
                    "name": "Agda.Builtin.Nat.Nat<6>"
                  },
                  {
                    "tag": "ScopeReference",
                    "name": "Agda.Builtin.Nat.Nat.zero<8>"
                  },
                  {
                    "tag": "Application",
                    "head": {
                      "tag": "ScopeReference",
                      "name": "Agda.Builtin.Nat.Nat.suc<12>"
                    },
                    "arguments": [
                      {
                        "tag": "DeBruijn",
                        "index": 0
                      }
                    ]
                  }
                ]
              }
            ],
            "patterns": [
              {
                "tag": "ScopeReference",
                "name": "Agda.Builtin.Nat.Nat.zero"
              },
              {
                "tag": "DeBruijn",
                "index": 1
              },
              {
                "tag": "DeBruijn",
                "index": 0
              }
            ]
          }
        ]
      },
      "holes": []
    }
  ]
}