{
  "name": "Test.Where",
  "scope-global": [
    {
      "name": "Agda.Builtin.Nat.Nat<6>",
      "type": {
        "pretty": "Set",
        "tag": "Sort",
        "sort": "Set"
      },
      "definition": {
        "pretty": "(zero : Nat) | (suc : Nat → Nat)",
        "tag": "ADT",
        "variants": [
          {
            "tag": "ScopeReference",
            "ref-name": "Agda.Builtin.Nat.Nat<6>"
          },
          {
            "tag": "Pi",
            "bound-name": "n",
            "domain": {
              "tag": "ScopeReference",
              "ref-name": "Agda.Builtin.Nat.Nat<6>"
            },
            "codomain": {
              "tag": "ScopeReference",
              "ref-name": "Agda.Builtin.Nat.Nat<6>"
            }
          }
        ]
      }
    },
    {
      "name": "Agda.Builtin.Nat.Nat.suc<12>",
      "type": {
        "pretty": "Nat → Nat",
        "tag": "Pi",
        "bound-name": "n",
        "domain": {
          "tag": "ScopeReference",
          "ref-name": "Agda.Builtin.Nat.Nat<6>"
        },
        "codomain": {
          "tag": "ScopeReference",
          "ref-name": "Agda.Builtin.Nat.Nat<6>"
        }
      },
      "definition": {
        "pretty": "Nat@1",
        "tag": "Constructor",
        "reference": "Agda.Builtin.Nat.Nat",
        "variant": 1
      }
    }
  ],
  "scope-local": [
    {
      "name": "Test.Where.f<4>",
      "type": {
        "pretty": "Nat → Nat",
        "tag": "Pi",
        "bound-name": "_",
        "domain": {
          "tag": "ScopeReference",
          "ref-name": "Agda.Builtin.Nat.Nat<6>"
        },
        "codomain": {
          "tag": "ScopeReference",
          "ref-name": "Agda.Builtin.Nat.Nat<6>"
        }
      },
      "definition": {
        "pretty": "f n = Test.Where.g n (suc n)",
        "tag": "Function",
        "clauses": [
          {
            "telescope": [
              {
                "pretty": "(n : Nat)",
                "name": "n",
                "tag": "ScopeReference",
                "ref-name": "Agda.Builtin.Nat.Nat<6>"
              }
            ],
            "patterns": [
              {
                "tag": "DeBruijn",
                "index": 0
              }
            ],
            "body": {
              "tag": "Application",
              "head": {
                "tag": "ScopeReference",
                "ref-name": "Test.Where._.g<14>"
              },
              "arguments": [
                {
                  "tag": "DeBruijn",
                  "index": 0
                },
                {
                  "tag": "Application",
                  "head": {
                    "tag": "ScopeReference",
                    "ref-name": "Agda.Builtin.Nat.Nat.suc<12>"
                  },
                  "arguments": [
                    {
                      "tag": "DeBruijn",
                      "index": 0
                    }
                  ]
                }
              ]
            }
          }
        ]
      },
      "holes": [
        {
          "ctx": {
            "pretty": "(n : Nat)",
            "telescope": [
              {
                "pretty": "(n : Nat)",
                "name": "n",
                "tag": "ScopeReference",
                "ref-name": "Agda.Builtin.Nat.Nat<6>"
              }
            ]
          },
          "goal": {
            "pretty": "Nat",
            "tag": "ScopeReference",
            "ref-name": "Agda.Builtin.Nat.Nat<6>"
          },
          "term": {
            "pretty": "Test.Where.g n (suc n)",
            "tag": "Application",
            "head": {
              "tag": "ScopeReference",
              "ref-name": "Test.Where._.g<14>"
            },
            "arguments": [
              {
                "tag": "DeBruijn",
                "index": 0
              },
              {
                "tag": "Application",
                "head": {
                  "tag": "ScopeReference",
                  "ref-name": "Agda.Builtin.Nat.Nat.suc<12>"
                },
                "arguments": [
                  {
                    "tag": "DeBruijn",
                    "index": 0
                  }
                ]
              }
            ]
          },
          "premises": [
            "Test.Where._.g<14>",
            "Agda.Builtin.Nat.Nat.suc<12>"
          ]
        },
        {
          "ctx": {
            "pretty": "(n₁ : Nat)",
            "telescope": [
              {
                "pretty": "(n : Nat)",
                "name": "n",
                "tag": "ScopeReference",
                "ref-name": "Agda.Builtin.Nat.Nat<6>"
              }
            ]
          },
          "goal": {
            "pretty": "Nat",
            "tag": "ScopeReference",
            "ref-name": "Agda.Builtin.Nat.Nat<6>"
          },
          "term": {
            "pretty": "suc n",
            "tag": "Application",
            "head": {
              "tag": "ScopeReference",
              "ref-name": "Agda.Builtin.Nat.Nat.suc<12>"
            },
            "arguments": [
              {
                "tag": "DeBruijn",
                "index": 0
              }
            ]
          },
          "premises": [
            "Agda.Builtin.Nat.Nat.suc<12>"
          ]
        }
      ]
    },
    {
      "name": "Test.Where.f²<6>",
      "type": {
        "pretty": "Nat → Nat",
        "tag": "Pi",
        "bound-name": "_",
        "domain": {
          "tag": "ScopeReference",
          "ref-name": "Agda.Builtin.Nat.Nat<6>"
        },
        "codomain": {
          "tag": "ScopeReference",
          "ref-name": "Agda.Builtin.Nat.Nat<6>"
        }
      },
      "definition": {
        "pretty": "f² n = Test.Where.g n (suc n)",
        "tag": "Function",
        "clauses": [
          {
            "telescope": [
              {
                "pretty": "(n : Nat)",
                "name": "n",
                "tag": "ScopeReference",
                "ref-name": "Agda.Builtin.Nat.Nat<6>"
              }
            ],
            "patterns": [
              {
                "tag": "DeBruijn",
                "index": 0
              }
            ],
            "body": {
              "tag": "Application",
              "head": {
                "tag": "ScopeReference",
                "ref-name": "Test.Where._.g<22>"
              },
              "arguments": [
                {
                  "tag": "DeBruijn",
                  "index": 0
                },
                {
                  "tag": "Application",
                  "head": {
                    "tag": "ScopeReference",
                    "ref-name": "Agda.Builtin.Nat.Nat.suc<12>"
                  },
                  "arguments": [
                    {
                      "tag": "DeBruijn",
                      "index": 0
                    }
                  ]
                }
              ]
            }
          }
        ]
      },
      "holes": [
        {
          "ctx": {
            "pretty": "(n : Nat)",
            "telescope": [
              {
                "pretty": "(n : Nat)",
                "name": "n",
                "tag": "ScopeReference",
                "ref-name": "Agda.Builtin.Nat.Nat<6>"
              }
            ]
          },
          "goal": {
            "pretty": "Nat",
            "tag": "ScopeReference",
            "ref-name": "Agda.Builtin.Nat.Nat<6>"
          },
          "term": {
            "pretty": "Test.Where.g n (suc n)",
            "tag": "Application",
            "head": {
              "tag": "ScopeReference",
              "ref-name": "Test.Where._.g<22>"
            },
            "arguments": [
              {
                "tag": "DeBruijn",
                "index": 0
              },
              {
                "tag": "Application",
                "head": {
                  "tag": "ScopeReference",
                  "ref-name": "Agda.Builtin.Nat.Nat.suc<12>"
                },
                "arguments": [
                  {
                    "tag": "DeBruijn",
                    "index": 0
                  }
                ]
              }
            ]
          },
          "premises": [
            "Test.Where._.g<22>",
            "Agda.Builtin.Nat.Nat.suc<12>"
          ]
        },
        {
          "ctx": {
            "pretty": "(n₁ : Nat)",
            "telescope": [
              {
                "pretty": "(n : Nat)",
                "name": "n",
                "tag": "ScopeReference",
                "ref-name": "Agda.Builtin.Nat.Nat<6>"
              }
            ]
          },
          "goal": {
            "pretty": "Nat",
            "tag": "ScopeReference",
            "ref-name": "Agda.Builtin.Nat.Nat<6>"
          },
          "term": {
            "pretty": "suc n",
            "tag": "Application",
            "head": {
              "tag": "ScopeReference",
              "ref-name": "Agda.Builtin.Nat.Nat.suc<12>"
            },
            "arguments": [
              {
                "tag": "DeBruijn",
                "index": 0
              }
            ]
          },
          "premises": [
            "Agda.Builtin.Nat.Nat.suc<12>"
          ]
        }
      ]
    }
  ],
  "scope-private": [
    {
      "name": "Test.Where._.g<14>",
      "type": {
        "pretty": "(n : Nat) → Nat → Nat",
        "tag": "Pi",
        "bound-name": "n",
        "domain": {
          "tag": "ScopeReference",
          "ref-name": "Agda.Builtin.Nat.Nat<6>"
        },
        "codomain": {
          "tag": "Pi",
          "bound-name": "_",
          "domain": {
            "tag": "ScopeReference",
            "ref-name": "Agda.Builtin.Nat.Nat<6>"
          },
          "codomain": {
            "tag": "ScopeReference",
            "ref-name": "Agda.Builtin.Nat.Nat<6>"
          }
        }
      },
      "definition": {
        "pretty": "<Axiom>",
        "tag": "Postulate"
      },
      "holes": []
    },
    {
      "name": "Test.Where._.g<22>",
      "type": {
        "pretty": "(n : Nat) → Nat → Nat",
        "tag": "Pi",
        "bound-name": "n",
        "domain": {
          "tag": "ScopeReference",
          "ref-name": "Agda.Builtin.Nat.Nat<6>"
        },
        "codomain": {
          "tag": "Pi",
          "bound-name": "_",
          "domain": {
            "tag": "ScopeReference",
            "ref-name": "Agda.Builtin.Nat.Nat<6>"
          },
          "codomain": {
            "tag": "ScopeReference",
            "ref-name": "Agda.Builtin.Nat.Nat<6>"
          }
        }
      },
      "definition": {
        "pretty": "<Axiom>",
        "tag": "Postulate"
      },
      "holes": []
    }
  ]
}