{
  "name": "Test.NominalTyping",
  "scope-global": [
    {
      "name": "Agda.Builtin.Nat.Nat<6>",
      "type": {
        "pretty": "Set",
        "tag": "Sort",
        "sort": "Set"
      },
      "definition": {
        "pretty": "(zero : Nat) | (suc : Nat → Nat)",
        "tag": "ADT",
        "variants": [
          {
            "tag": "ScopeReference",
            "name": "Agda.Builtin.Nat.Nat<6>"
          },
          {
            "tag": "Pi",
            "name": "n",
            "domain": {
              "tag": "ScopeReference",
              "name": "Agda.Builtin.Nat.Nat<6>"
            },
            "codomain": {
              "tag": "ScopeReference",
              "name": "Agda.Builtin.Nat.Nat<6>"
            }
          }
        ]
      }
    },
    {
      "name": "Agda.Builtin.Nat.Nat.zero<8>",
      "type": {
        "pretty": "Nat",
        "tag": "ScopeReference",
        "name": "Agda.Builtin.Nat.Nat<6>"
      },
      "definition": {
        "pretty": "Nat@0",
        "tag": "Constructor",
        "reference": "Agda.Builtin.Nat.Nat",
        "variant": 0
      }
    }
  ],
  "scope-local": [
    {
      "name": "Test.NominalTyping.Nat′<4>",
      "type": {
        "pretty": "Set",
        "tag": "Sort",
        "sort": "Set"
      },
      "definition": {
        "pretty": "(zero : Nat′) | (suc : Nat′ → Nat′)",
        "tag": "ADT",
        "variants": [
          {
            "tag": "ScopeReference",
            "name": "Test.NominalTyping.Nat′<4>"
          },
          {
            "tag": "Pi",
            "name": "_",
            "domain": {
              "tag": "ScopeReference",
              "name": "Test.NominalTyping.Nat′<4>"
            },
            "codomain": {
              "tag": "ScopeReference",
              "name": "Test.NominalTyping.Nat′<4>"
            }
          }
        ]
      },
      "holes": []
    },
    {
      "name": "Test.NominalTyping.Nat′.zero<6>",
      "type": {
        "pretty": "Nat′",
        "tag": "ScopeReference",
        "name": "Test.NominalTyping.Nat′<4>"
      },
      "definition": {
        "pretty": "Nat′@0",
        "tag": "Constructor",
        "reference": "Test.NominalTyping.Nat′",
        "variant": 0
      },
      "holes": []
    },
    {
      "name": "Test.NominalTyping.Nat′.suc<8>",
      "type": {
        "pretty": "Nat′ → Nat′",
        "tag": "Pi",
        "name": "_",
        "domain": {
          "tag": "ScopeReference",
          "name": "Test.NominalTyping.Nat′<4>"
        },
        "codomain": {
          "tag": "ScopeReference",
          "name": "Test.NominalTyping.Nat′<4>"
        }
      },
      "definition": {
        "pretty": "Nat′@1",
        "tag": "Constructor",
        "reference": "Test.NominalTyping.Nat′",
        "variant": 1
      },
      "holes": []
    },
    {
      "name": "Test.NominalTyping.ℕ<10>",
      "type": {
        "pretty": "Set",
        "tag": "Sort",
        "sort": "Set"
      },
      "definition": {
        "pretty": "ℕ = Nat",
        "tag": "Function",
        "clauses": [
          {
            "telescope": [],
            "patterns": [],
            "body": {
              "tag": "ScopeReference",
              "name": "Agda.Builtin.Nat.Nat<6>"
            }
          }
        ]
      },
      "holes": [
        {
          "ctx": {
            "pretty": "",
            "telescope": []
          },
          "goal": {
            "pretty": "Set",
            "tag": "Sort",
            "sort": "Set"
          },
          "term": {
            "pretty": "Nat",
            "tag": "ScopeReference",
            "name": "Agda.Builtin.Nat.Nat<6>"
          },
          "premises": [
            "Agda.Builtin.Nat.Nat<6>"
          ]
        }
      ]
    },
    {
      "name": "Test.NominalTyping.id<12>",
      "type": {
        "pretty": "Nat → ℕ",
        "original": {
          "tag": "Pi",
          "name": "_",
          "domain": {
            "tag": "ScopeReference",
            "name": "Agda.Builtin.Nat.Nat<6>"
          },
          "codomain": {
            "tag": "ScopeReference",
            "name": "Test.NominalTyping.ℕ<10>"
          }
        },
        "normalised": {
          "tag": "Pi",
          "name": "_",
          "domain": {
            "tag": "ScopeReference",
            "name": "Agda.Builtin.Nat.Nat<6>"
          },
          "codomain": {
            "tag": "ScopeReference",
            "name": "Agda.Builtin.Nat.Nat<6>"
          }
        }
      },
      "definition": {
        "pretty": "id n = zero",
        "tag": "Function",
        "clauses": [
          {
            "telescope": [
              {
                "pretty": "(n : Nat)",
                "tag": "ScopeReference",
                "name": "Agda.Builtin.Nat.Nat<6>"
              }
            ],
            "patterns": [
              {
                "tag": "DeBruijn",
                "index": 0
              }
            ],
            "body": {
              "tag": "ScopeReference",
              "name": "Agda.Builtin.Nat.Nat.zero<8>"
            }
          }
        ]
      },
      "holes": [
        {
          "ctx": {
            "pretty": "(n : Nat)",
            "telescope": [
              {
                "pretty": "(n : Nat)",
                "tag": "ScopeReference",
                "name": "Agda.Builtin.Nat.Nat<6>"
              }
            ]
          },
          "goal": {
            "pretty": "ℕ",
            "original": {
              "tag": "ScopeReference",
              "name": "Test.NominalTyping.ℕ<10>"
            },
            "reduced": {
              "tag": "ScopeReference",
              "name": "Agda.Builtin.Nat.Nat<6>"
            }
          },
          "term": {
            "pretty": "zero",
            "original": {
              "tag": "ScopeReference",
              "name": "Agda.Builtin.Nat.Nat.zero<8>"
            },
            "reduced": {
              "tag": "Literal",
              "literal": "0"
            }
          },
          "premises": [
            "Agda.Builtin.Nat.Nat.zero<8>"
          ]
        }
      ]
    }
  ],
  "scope-private": []
}