{
  "name": "Test.Product",
  "scope-global": [
    {
      "name": "Agda.Primitive._⊔_<26>",
      "type": {
        "pretty": "Agda.Primitive.Level → Agda.Primitive.Level → Agda.Primitive.Level",
        "dependency-level": 0,
        "tag": "Pi",
        "bound-name": "ℓ₁",
        "domain": {
          "tag": "ScopeReference",
          "ref-name": "Agda.Primitive.Level<14>"
        },
        "codomain": {
          "tag": "Pi",
          "bound-name": "ℓ₂",
          "domain": {
            "tag": "ScopeReference",
            "ref-name": "Agda.Primitive.Level<14>"
          },
          "codomain": {
            "tag": "ScopeReference",
            "ref-name": "Agda.Primitive.Level<14>"
          }
        }
      },
      "definition": {
        "pretty": "<Primitive>",
        "tag": "Primitive"
      }
    }
  ],
  "scope-local": [
    {
      "name": "Test.Product.Σ<12>",
      "type": {
        "pretty": "{a b : Agda.Primitive.Level} (A : Set a) (B : A → Set b) → Set (a ⊔ b)",
        "dependency-level": 1,
        "tag": "Pi",
        "bound-name": "a",
        "domain": {
          "tag": "ScopeReference",
          "ref-name": "Agda.Primitive.Level<14>"
        },
        "codomain": {
          "tag": "Pi",
          "bound-name": "b",
          "domain": {
            "tag": "ScopeReference",
            "ref-name": "Agda.Primitive.Level<14>"
          },
          "codomain": {
            "tag": "Pi",
            "bound-name": "A",
            "domain": {
              "tag": "Sort",
              "sort": "Set @1"
            },
            "codomain": {
              "tag": "Pi",
              "bound-name": "B",
              "domain": {
                "tag": "Pi",
                "bound-name": "_",
                "domain": {
                  "tag": "DeBruijn",
                  "index": 0
                },
                "codomain": {
                  "tag": "Sort",
                  "sort": "Set @1"
                }
              },
              "codomain": {
                "tag": "Sort",
                "sort": "Set (lub @3 @2)"
              }
            }
          }
        }
      },
      "definition": {
        "pretty": "{a : Agda.Primitive.Level} {b : Agda.Primitive.Level} {A : Set a} {B : A → Set b} |- {(fst : @1) ; (snd : @1 @0)}",
        "tag": "Record",
        "telescope": [
          {
            "pretty": "{a : Agda.Primitive.Level}",
            "name": "a",
            "dependency-level": 0,
            "tag": "ScopeReference",
            "ref-name": "Agda.Primitive.Level<14>"
          },
          {
            "pretty": "{b : Agda.Primitive.Level}",
            "name": "b",
            "dependency-level": 0,
            "tag": "ScopeReference",
            "ref-name": "Agda.Primitive.Level<14>"
          },
          {
            "pretty": "{A : Set @1}",
            "name": "A",
            "dependency-level": 0,
            "tag": "Sort",
            "sort": "Set @1"
          },
          {
            "pretty": "{B : @0 → Set @1}",
            "name": "B",
            "dependency-level": 0,
            "tag": "Pi",
            "bound-name": "_",
            "domain": {
              "tag": "DeBruijn",
              "index": 0
            },
            "codomain": {
              "tag": "Sort",
              "sort": "Set @1"
            }
          }
        ],
        "fields": [
          {
            "dependency-level": 0,
            "tag": "DeBruijn",
            "index": 1
          },
          {
            "dependency-level": 0,
            "tag": "Application",
            "head": {
              "tag": "DeBruijn",
              "index": 1
            },
            "arguments": [
              {
                "tag": "DeBruijn",
                "index": 0
              }
            ]
          }
        ]
      },
      "holes": []
    },
    {
      "name": "Test.Product.Σ.fst<26>",
      "type": {
        "pretty": "{a b : Agda.Primitive.Level} {A : Set a} {B : A → Set b} → Σ A B → A",
        "dependency-level": 4,
        "tag": "Pi",
        "bound-name": "a",
        "domain": {
          "tag": "ScopeReference",
          "ref-name": "Agda.Primitive.Level<14>"
        },
        "codomain": {
          "tag": "Pi",
          "bound-name": "b",
          "domain": {
            "tag": "ScopeReference",
            "ref-name": "Agda.Primitive.Level<14>"
          },
          "codomain": {
            "tag": "Pi",
            "bound-name": "A",
            "domain": {
              "tag": "Sort",
              "sort": "Set @1"
            },
            "codomain": {
              "tag": "Pi",
              "bound-name": "B",
              "domain": {
                "tag": "Pi",
                "bound-name": "_",
                "domain": {
                  "tag": "DeBruijn",
                  "index": 0
                },
                "codomain": {
                  "tag": "Sort",
                  "sort": "Set @1"
                }
              },
              "codomain": {
                "tag": "Pi",
                "bound-name": "r",
                "domain": {
                  "tag": "Application",
                  "head": {
                    "tag": "ScopeReference",
                    "ref-name": "Test.Product.Σ<12>"
                  },
                  "arguments": [
                    {
                      "tag": "DeBruijn",
                      "index": 3
                    },
                    {
                      "tag": "DeBruijn",
                      "index": 2
                    },
                    {
                      "tag": "DeBruijn",
                      "index": 1
                    },
                    {
                      "tag": "DeBruijn",
                      "index": 0
                    }
                  ]
                },
                "codomain": {
                  "tag": "DeBruijn",
                  "index": 1
                }
              }
            }
          }
        }
      },
      "definition": {
        "pretty": "fst = fst₁",
        "tag": "Function",
        "clauses": [
          {
            "telescope": [
              {
                "pretty": "{a : Agda.Primitive.Level}",
                "name": "a",
                "dependency-level": 0,
                "tag": "ScopeReference",
                "ref-name": "Agda.Primitive.Level<14>"
              },
              {
                "pretty": "{b : Agda.Primitive.Level}",
                "name": "b",
                "dependency-level": 0,
                "tag": "ScopeReference",
                "ref-name": "Agda.Primitive.Level<14>"
              },
              {
                "pretty": "{A : Set @1}",
                "name": "A",
                "dependency-level": 0,
                "tag": "Sort",
                "sort": "Set @1"
              },
              {
                "pretty": "{B : @0 → Set @1}",
                "name": "B",
                "dependency-level": 0,
                "tag": "Pi",
                "bound-name": "_",
                "domain": {
                  "tag": "DeBruijn",
                  "index": 0
                },
                "codomain": {
                  "tag": "Sort",
                  "sort": "Set @1"
                }
              },
              {
                "pretty": "(fst : @1)",
                "name": "fst",
                "dependency-level": 0,
                "tag": "DeBruijn",
                "index": 1
              },
              {
                "pretty": "(snd : @1 @0)",
                "name": "snd",
                "dependency-level": 0,
                "tag": "Application",
                "head": {
                  "tag": "DeBruijn",
                  "index": 1
                },
                "arguments": [
                  {
                    "tag": "DeBruijn",
                    "index": 0
                  }
                ]
              }
            ],
            "patterns": [
              {
                "tag": "Application",
                "head": {
                  "tag": "ScopeReference",
                  "ref-name": "Test.Product._,_"
                },
                "arguments": [
                  {
                    "tag": "DeBruijn",
                    "index": 1
                  },
                  {
                    "tag": "DeBruijn",
                    "index": 0
                  }
                ]
              }
            ],
            "body": {
              "tag": "DeBruijn",
              "index": 1
            }
          }
        ]
      },
      "holes": []
    },
    {
      "name": "Test.Product.Σ.snd<28>",
      "type": {
        "pretty": "{a b : Agda.Primitive.Level} {A : Set a} {B : A → Set b} (r : Σ A B) → B (fst r)",
        "dependency-level": 4,
        "tag": "Pi",
        "bound-name": "a",
        "domain": {
          "tag": "ScopeReference",
          "ref-name": "Agda.Primitive.Level<14>"
        },
        "codomain": {
          "tag": "Pi",
          "bound-name": "b",
          "domain": {
            "tag": "ScopeReference",
            "ref-name": "Agda.Primitive.Level<14>"
          },
          "codomain": {
            "tag": "Pi",
            "bound-name": "A",
            "domain": {
              "tag": "Sort",
              "sort": "Set @1"
            },
            "codomain": {
              "tag": "Pi",
              "bound-name": "B",
              "domain": {
                "tag": "Pi",
                "bound-name": "_",
                "domain": {
                  "tag": "DeBruijn",
                  "index": 0
                },
                "codomain": {
                  "tag": "Sort",
                  "sort": "Set @1"
                }
              },
              "codomain": {
                "tag": "Pi",
                "bound-name": "r",
                "domain": {
                  "tag": "Application",
                  "head": {
                    "tag": "ScopeReference",
                    "ref-name": "Test.Product.Σ<12>"
                  },
                  "arguments": [
                    {
                      "tag": "DeBruijn",
                      "index": 3
                    },
                    {
                      "tag": "DeBruijn",
                      "index": 2
                    },
                    {
                      "tag": "DeBruijn",
                      "index": 1
                    },
                    {
                      "tag": "DeBruijn",
                      "index": 0
                    }
                  ]
                },
                "codomain": {
                  "tag": "Application",
                  "head": {
                    "tag": "DeBruijn",
                    "index": 1
                  },
                  "arguments": [
                    {
                      "tag": "Application",
                      "head": {
                        "tag": "ScopeReference",
                        "ref-name": "Test.Product.Σ.fst<26>"
                      },
                      "arguments": [
                        {
                          "tag": "DeBruijn",
                          "index": 0
                        }
                      ]
                    }
                  ]
                }
              }
            }
          }
        }
      },
      "definition": {
        "pretty": "snd = snd₁",
        "tag": "Function",
        "clauses": [
          {
            "telescope": [
              {
                "pretty": "{a : Agda.Primitive.Level}",
                "name": "a",
                "dependency-level": 0,
                "tag": "ScopeReference",
                "ref-name": "Agda.Primitive.Level<14>"
              },
              {
                "pretty": "{b : Agda.Primitive.Level}",
                "name": "b",
                "dependency-level": 0,
                "tag": "ScopeReference",
                "ref-name": "Agda.Primitive.Level<14>"
              },
              {
                "pretty": "{A : Set @1}",
                "name": "A",
                "dependency-level": 0,
                "tag": "Sort",
                "sort": "Set @1"
              },
              {
                "pretty": "{B : @0 → Set @1}",
                "name": "B",
                "dependency-level": 0,
                "tag": "Pi",
                "bound-name": "_",
                "domain": {
                  "tag": "DeBruijn",
                  "index": 0
                },
                "codomain": {
                  "tag": "Sort",
                  "sort": "Set @1"
                }
              },
              {
                "pretty": "(fst : @1)",
                "name": "fst",
                "dependency-level": 0,
                "tag": "DeBruijn",
                "index": 1
              },
              {
                "pretty": "(snd : @1 @0)",
                "name": "snd",
                "dependency-level": 0,
                "tag": "Application",
                "head": {
                  "tag": "DeBruijn",
                  "index": 1
                },
                "arguments": [
                  {
                    "tag": "DeBruijn",
                    "index": 0
                  }
                ]
              }
            ],
            "patterns": [
              {
                "tag": "Application",
                "head": {
                  "tag": "ScopeReference",
                  "ref-name": "Test.Product._,_"
                },
                "arguments": [
                  {
                    "tag": "DeBruijn",
                    "index": 1
                  },
                  {
                    "tag": "DeBruijn",
                    "index": 0
                  }
                ]
              }
            ],
            "body": {
              "tag": "DeBruijn",
              "index": 0
            }
          }
        ]
      },
      "holes": []
    },
    {
      "name": "Test.Product._,_<30>",
      "type": {
        "pretty": "{a b : Agda.Primitive.Level} {A : Set a} {B : A → Set b} (fst₁ : A) (snd₁ : B fst₁) → Σ A B",
        "dependency-level": 6,
        "tag": "Pi",
        "bound-name": "a",
        "domain": {
          "tag": "ScopeReference",
          "ref-name": "Agda.Primitive.Level<14>"
        },
        "codomain": {
          "tag": "Pi",
          "bound-name": "b",
          "domain": {
            "tag": "ScopeReference",
            "ref-name": "Agda.Primitive.Level<14>"
          },
          "codomain": {
            "tag": "Pi",
            "bound-name": "A",
            "domain": {
              "tag": "Sort",
              "sort": "Set @1"
            },
            "codomain": {
              "tag": "Pi",
              "bound-name": "B",
              "domain": {
                "tag": "Pi",
                "bound-name": "_",
                "domain": {
                  "tag": "DeBruijn",
                  "index": 0
                },
                "codomain": {
                  "tag": "Sort",
                  "sort": "Set @1"
                }
              },
              "codomain": {
                "tag": "Pi",
                "bound-name": "fst",
                "domain": {
                  "tag": "DeBruijn",
                  "index": 1
                },
                "codomain": {
                  "tag": "Pi",
                  "bound-name": "snd",
                  "domain": {
                    "tag": "Application",
                    "head": {
                      "tag": "DeBruijn",
                      "index": 1
                    },
                    "arguments": [
                      {
                        "tag": "DeBruijn",
                        "index": 0
                      }
                    ]
                  },
                  "codomain": {
                    "tag": "Application",
                    "head": {
                      "tag": "ScopeReference",
                      "ref-name": "Test.Product.Σ<12>"
                    },
                    "arguments": [
                      {
                        "tag": "DeBruijn",
                        "index": 5
                      },
                      {
                        "tag": "DeBruijn",
                        "index": 4
                      },
                      {
                        "tag": "DeBruijn",
                        "index": 3
                      },
                      {
                        "tag": "DeBruijn",
                        "index": 2
                      }
                    ]
                  }
                }
              }
            }
          }
        }
      },
      "definition": {
        "pretty": "Σ@0",
        "tag": "Constructor",
        "reference": "Test.Product.Σ",
        "variant": 0
      },
      "holes": []
    }
  ],
  "scope-private": []
}