{
  "name": "Test.OverloadedConstructors",
  "scope-global": [],
  "scope-local": [
    {
      "name": "Test.OverloadedConstructors.Nat<4>",
      "type": {
        "pretty": "Set",
        "tag": "Sort",
        "sort": "Set"
      },
      "definition": {
        "pretty": "\"‚äï\" Nat (Nat ‚Üí Nat)",
        "tag": "ADT",
        "variants": [
          {
            "tag": "ScopeReference",
            "name": "Test.OverloadedConstructors.Nat<4>"
          },
          {
            "tag": "Pi",
            "name": "_",
            "domain": {
              "tag": "ScopeReference",
              "name": "Test.OverloadedConstructors.Nat<4>"
            },
            "codomain": {
              "tag": "ScopeReference",
              "name": "Test.OverloadedConstructors.Nat<4>"
            }
          }
        ]
      },
      "holes": []
    },
    {
      "name": "Test.OverloadedConstructors.Nat.O<6>",
      "type": {
        "pretty": "Nat",
        "tag": "ScopeReference",
        "name": "Test.OverloadedConstructors.Nat<4>"
      },
      "definition": {
        "pretty": "\"‚äô\" Nat 0",
        "tag": "Constructor",
        "reference": "Test.OverloadedConstructors.Nat<4>",
        "variant": 0
      },
      "holes": []
    },
    {
      "name": "Test.OverloadedConstructors.Nat.S_<8>",
      "type": {
        "pretty": "Nat ‚Üí Nat",
        "tag": "Pi",
        "name": "_",
        "domain": {
          "tag": "ScopeReference",
          "name": "Test.OverloadedConstructors.Nat<4>"
        },
        "codomain": {
          "tag": "ScopeReference",
          "name": "Test.OverloadedConstructors.Nat<4>"
        }
      },
      "definition": {
        "pretty": "\"‚äô\" Nat 1",
        "tag": "Constructor",
        "reference": "Test.OverloadedConstructors.Nat<4>",
        "variant": 1
      },
      "holes": []
    },
    {
      "name": "Test.OverloadedConstructors.n<10>",
      "type": {
        "pretty": "Nat",
        "tag": "ScopeReference",
        "name": "Test.OverloadedConstructors.Nat<4>"
      },
      "definition": {
        "pretty": "S (S O)",
        "tag": "Application",
        "head": {
          "tag": "ScopeReference",
          "name": "Test.OverloadedConstructors.Nat.S_<8>"
        },
        "arguments": [
          {
            "tag": "Application",
            "head": {
              "tag": "ScopeReference",
              "name": "Test.OverloadedConstructors.Nat.S_<8>"
            },
            "arguments": [
              {
                "tag": "ScopeReference",
                "name": "Test.OverloadedConstructors.Nat.O<6>"
              }
            ]
          }
        ]
      },
      "holes": [
        {
          "ctx": {
            "pretty": "",
            "telescope": []
          },
          "goal": {
            "pretty": "Nat",
            "tag": "ScopeReference",
            "name": "Test.OverloadedConstructors.Nat<4>"
          },
          "term": {
            "pretty": "S (S O)",
            "tag": "Application",
            "head": {
              "tag": "ScopeReference",
              "name": "Test.OverloadedConstructors.Nat.S_<8>"
            },
            "arguments": [
              {
                "tag": "Application",
                "head": {
                  "tag": "ScopeReference",
                  "name": "Test.OverloadedConstructors.Nat.S_<8>"
                },
                "arguments": [
                  {
                    "tag": "ScopeReference",
                    "name": "Test.OverloadedConstructors.Nat.O<6>"
                  }
                ]
              }
            ]
          },
          "premises": [
            "Test.OverloadedConstructors.Nat.S_",
            "Test.OverloadedConstructors.Nat.S_",
            "Test.OverloadedConstructors.Nat.O"
          ]
        },
        {
          "ctx": {
            "pretty": "",
            "telescope": []
          },
          "goal": {
            "pretty": "Nat",
            "tag": "ScopeReference",
            "name": "Test.OverloadedConstructors.Nat<4>"
          },
          "term": {
            "pretty": "S O",
            "tag": "Application",
            "head": {
              "tag": "ScopeReference",
              "name": "Test.OverloadedConstructors.Nat.S_<8>"
            },
            "arguments": [
              {
                "tag": "ScopeReference",
                "name": "Test.OverloadedConstructors.Nat.O<6>"
              }
            ]
          },
          "premises": [
            "Test.OverloadedConstructors.Nat.S_",
            "Test.OverloadedConstructors.Nat.O"
          ]
        },
        {
          "ctx": {
            "pretty": "",
            "telescope": []
          },
          "goal": {
            "pretty": "Nat",
            "tag": "ScopeReference",
            "name": "Test.OverloadedConstructors.Nat<4>"
          },
          "term": {
            "pretty": "O",
            "tag": "ScopeReference",
            "name": "Test.OverloadedConstructors.Nat.O<6>"
          },
          "premises": [
            "Test.OverloadedConstructors.Nat.O"
          ]
        }
      ]
    },
    {
      "name": "Test.OverloadedConstructors.‚Ñï<12>",
      "type": {
        "pretty": "Set",
        "tag": "Sort",
        "sort": "Set"
      },
      "definition": {
        "pretty": "\"‚äï\" ‚Ñï (‚Ñï ‚Üí ‚Ñï)",
        "tag": "ADT",
        "variants": [
          {
            "tag": "ScopeReference",
            "name": "Test.OverloadedConstructors.‚Ñï<12>"
          },
          {
            "tag": "Pi",
            "name": "_",
            "domain": {
              "tag": "ScopeReference",
              "name": "Test.OverloadedConstructors.‚Ñï<12>"
            },
            "codomain": {
              "tag": "ScopeReference",
              "name": "Test.OverloadedConstructors.‚Ñï<12>"
            }
          }
        ]
      },
      "holes": []
    },
    {
      "name": "Test.OverloadedConstructors.‚Ñï.O<14>",
      "type": {
        "pretty": "‚Ñï",
        "tag": "ScopeReference",
        "name": "Test.OverloadedConstructors.‚Ñï<12>"
      },
      "definition": {
        "pretty": "\"‚äô\" ‚Ñï 0",
        "tag": "Constructor",
        "reference": "Test.OverloadedConstructors.‚Ñï<12>",
        "variant": 0
      },
      "holes": []
    },
    {
      "name": "Test.OverloadedConstructors.‚Ñï.S_<16>",
      "type": {
        "pretty": "‚Ñï ‚Üí ‚Ñï",
        "tag": "Pi",
        "name": "_",
        "domain": {
          "tag": "ScopeReference",
          "name": "Test.OverloadedConstructors.‚Ñï<12>"
        },
        "codomain": {
          "tag": "ScopeReference",
          "name": "Test.OverloadedConstructors.‚Ñï<12>"
        }
      },
      "definition": {
        "pretty": "\"‚äô\" ‚Ñï 1",
        "tag": "Constructor",
        "reference": "Test.OverloadedConstructors.‚Ñï<12>",
        "variant": 1
      },
      "holes": []
    },
    {
      "name": "Test.OverloadedConstructors.ùïü<18>",
      "type": {
        "pretty": "‚Ñï",
        "tag": "ScopeReference",
        "name": "Test.OverloadedConstructors.‚Ñï<12>"
      },
      "definition": {
        "pretty": "S (S O)",
        "tag": "Application",
        "head": {
          "tag": "ScopeReference",
          "name": "Test.OverloadedConstructors.‚Ñï.S_<16>"
        },
        "arguments": [
          {
            "tag": "Application",
            "head": {
              "tag": "ScopeReference",
              "name": "Test.OverloadedConstructors.‚Ñï.S_<16>"
            },
            "arguments": [
              {
                "tag": "ScopeReference",
                "name": "Test.OverloadedConstructors.‚Ñï.O<14>"
              }
            ]
          }
        ]
      },
      "holes": [
        {
          "ctx": {
            "pretty": "",
            "telescope": []
          },
          "goal": {
            "pretty": "‚Ñï",
            "tag": "ScopeReference",
            "name": "Test.OverloadedConstructors.‚Ñï<12>"
          },
          "term": {
            "pretty": "S (S O)",
            "tag": "Application",
            "head": {
              "tag": "ScopeReference",
              "name": "Test.OverloadedConstructors.‚Ñï.S_<16>"
            },
            "arguments": [
              {
                "tag": "Application",
                "head": {
                  "tag": "ScopeReference",
                  "name": "Test.OverloadedConstructors.‚Ñï.S_<16>"
                },
                "arguments": [
                  {
                    "tag": "ScopeReference",
                    "name": "Test.OverloadedConstructors.‚Ñï.O<14>"
                  }
                ]
              }
            ]
          },
          "premises": [
            "Test.OverloadedConstructors.‚Ñï.S_",
            "Test.OverloadedConstructors.‚Ñï.S_",
            "Test.OverloadedConstructors.‚Ñï.O"
          ]
        },
        {
          "ctx": {
            "pretty": "",
            "telescope": []
          },
          "goal": {
            "pretty": "‚Ñï",
            "tag": "ScopeReference",
            "name": "Test.OverloadedConstructors.‚Ñï<12>"
          },
          "term": {
            "pretty": "S O",
            "tag": "Application",
            "head": {
              "tag": "ScopeReference",
              "name": "Test.OverloadedConstructors.‚Ñï.S_<16>"
            },
            "arguments": [
              {
                "tag": "ScopeReference",
                "name": "Test.OverloadedConstructors.‚Ñï.O<14>"
              }
            ]
          },
          "premises": [
            "Test.OverloadedConstructors.‚Ñï.S_",
            "Test.OverloadedConstructors.‚Ñï.O"
          ]
        },
        {
          "ctx": {
            "pretty": "",
            "telescope": []
          },
          "goal": {
            "pretty": "‚Ñï",
            "tag": "ScopeReference",
            "name": "Test.OverloadedConstructors.‚Ñï<12>"
          },
          "term": {
            "pretty": "O",
            "tag": "ScopeReference",
            "name": "Test.OverloadedConstructors.‚Ñï.O<14>"
          },
          "premises": [
            "Test.OverloadedConstructors.‚Ñï.O"
          ]
        }
      ]
    },
    {
      "name": "Test.OverloadedConstructors.X<20>",
      "type": {
        "pretty": "Set",
        "tag": "Sort",
        "sort": "Set"
      },
      "definition": {
        "pretty": "X ‚Üí Nat",
        "tag": "Pi",
        "name": "r",
        "domain": {
          "tag": "ScopeReference",
          "name": "Test.OverloadedConstructors.X<20>"
        },
        "codomain": {
          "tag": "ScopeReference",
          "name": "Test.OverloadedConstructors.Nat<4>"
        }
      },
      "holes": []
    },
    {
      "name": "Test.OverloadedConstructors.mk<26>",
      "type": {
        "pretty": "(x‚ÇÅ : Nat) ‚Üí X",
        "tag": "Pi",
        "name": "x",
        "domain": {
          "tag": "ScopeReference",
          "name": "Test.OverloadedConstructors.Nat<4>"
        },
        "codomain": {
          "tag": "ScopeReference",
          "name": "Test.OverloadedConstructors.X<20>"
        }
      },
      "definition": {
        "pretty": "\"‚äô\" X 0",
        "tag": "Constructor",
        "reference": "Test.OverloadedConstructors.X<20>",
        "variant": 0
      },
      "holes": []
    },
    {
      "name": "Test.OverloadedConstructors.x<28>",
      "type": {
        "pretty": "X",
        "tag": "ScopeReference",
        "name": "Test.OverloadedConstructors.X<20>"
      },
      "definition": {
        "pretty": "mk n",
        "tag": "Application",
        "head": {
          "tag": "ScopeReference",
          "name": "Test.OverloadedConstructors.mk<26>"
        },
        "arguments": [
          {
            "tag": "ScopeReference",
            "name": "Test.OverloadedConstructors.n<10>"
          }
        ]
      },
      "holes": [
        {
          "ctx": {
            "pretty": "",
            "telescope": []
          },
          "goal": {
            "pretty": "X",
            "tag": "ScopeReference",
            "name": "Test.OverloadedConstructors.X<20>"
          },
          "term": {
            "pretty": "mk n",
            "normalised": {
              "tag": "Application",
              "head": {
                "tag": "ScopeReference",
                "name": "Test.OverloadedConstructors.mk<26>"
              },
              "arguments": [
                {
                  "tag": "Application",
                  "head": {
                    "tag": "ScopeReference",
                    "name": "Test.OverloadedConstructors.Nat.S_<8>"
                  },
                  "arguments": [
                    {
                      "tag": "Application",
                      "head": {
                        "tag": "ScopeReference",
                        "name": "Test.OverloadedConstructors.Nat.S_<8>"
                      },
                      "arguments": [
                        {
                          "tag": "ScopeReference",
                          "name": "Test.OverloadedConstructors.Nat.O<6>"
                        }
                      ]
                    }
                  ]
                }
              ]
            },
            "original": {
              "tag": "Application",
              "head": {
                "tag": "ScopeReference",
                "name": "Test.OverloadedConstructors.mk<26>"
              },
              "arguments": [
                {
                  "tag": "ScopeReference",
                  "name": "Test.OverloadedConstructors.n<10>"
                }
              ]
            }
          },
          "premises": [
            "Test.OverloadedConstructors.mk",
            "Test.OverloadedConstructors.n"
          ]
        },
        {
          "ctx": {
            "pretty": "",
            "telescope": []
          },
          "goal": {
            "pretty": "Nat",
            "tag": "ScopeReference",
            "name": "Test.OverloadedConstructors.Nat<4>"
          },
          "term": {
            "pretty": "n",
            "normalised": {
              "tag": "Application",
              "head": {
                "tag": "ScopeReference",
                "name": "Test.OverloadedConstructors.Nat.S_<8>"
              },
              "arguments": [
                {
                  "tag": "Application",
                  "head": {
                    "tag": "ScopeReference",
                    "name": "Test.OverloadedConstructors.Nat.S_<8>"
                  },
                  "arguments": [
                    {
                      "tag": "ScopeReference",
                      "name": "Test.OverloadedConstructors.Nat.O<6>"
                    }
                  ]
                }
              ]
            },
            "original": {
              "tag": "ScopeReference",
              "name": "Test.OverloadedConstructors.n<10>"
            },
            "reduced": {
              "tag": "Application",
              "head": {
                "tag": "ScopeReference",
                "name": "Test.OverloadedConstructors.Nat.S_<8>"
              },
              "arguments": [
                {
                  "tag": "Application",
                  "head": {
                    "tag": "ScopeReference",
                    "name": "Test.OverloadedConstructors.Nat.S_<8>"
                  },
                  "arguments": [
                    {
                      "tag": "ScopeReference",
                      "name": "Test.OverloadedConstructors.Nat.O<6>"
                    }
                  ]
                }
              ]
            }
          },
          "premises": [
            "Test.OverloadedConstructors.n"
          ]
        }
      ]
    },
    {
      "name": "Test.OverloadedConstructors.ùïè<30>",
      "type": {
        "pretty": "Set",
        "tag": "Sort",
        "sort": "Set"
      },
      "definition": {
        "pretty": "ùïè ‚Üí ‚Ñï",
        "tag": "Pi",
        "name": "r",
        "domain": {
          "tag": "ScopeReference",
          "name": "Test.OverloadedConstructors.ùïè<30>"
        },
        "codomain": {
          "tag": "ScopeReference",
          "name": "Test.OverloadedConstructors.‚Ñï<12>"
        }
      },
      "holes": []
    },
    {
      "name": "Test.OverloadedConstructors.mk<36>",
      "type": {
        "pretty": "(ùï©‚ÇÅ : ‚Ñï) ‚Üí ùïè",
        "tag": "Pi",
        "name": "ùï©",
        "domain": {
          "tag": "ScopeReference",
          "name": "Test.OverloadedConstructors.‚Ñï<12>"
        },
        "codomain": {
          "tag": "ScopeReference",
          "name": "Test.OverloadedConstructors.ùïè<30>"
        }
      },
      "definition": {
        "pretty": "\"‚äô\" ùïè 0",
        "tag": "Constructor",
        "reference": "Test.OverloadedConstructors.ùïè<30>",
        "variant": 0
      },
      "holes": []
    },
    {
      "name": "Test.OverloadedConstructors.ùï©<38>",
      "type": {
        "pretty": "ùïè",
        "tag": "ScopeReference",
        "name": "Test.OverloadedConstructors.ùïè<30>"
      },
      "definition": {
        "pretty": "mk ùïü",
        "tag": "Application",
        "head": {
          "tag": "ScopeReference",
          "name": "Test.OverloadedConstructors.mk<36>"
        },
        "arguments": [
          {
            "tag": "ScopeReference",
            "name": "Test.OverloadedConstructors.ùïü<18>"
          }
        ]
      },
      "holes": [
        {
          "ctx": {
            "pretty": "",
            "telescope": []
          },
          "goal": {
            "pretty": "ùïè",
            "tag": "ScopeReference",
            "name": "Test.OverloadedConstructors.ùïè<30>"
          },
          "term": {
            "pretty": "mk ùïü",
            "normalised": {
              "tag": "Application",
              "head": {
                "tag": "ScopeReference",
                "name": "Test.OverloadedConstructors.mk<36>"
              },
              "arguments": [
                {
                  "tag": "Application",
                  "head": {
                    "tag": "ScopeReference",
                    "name": "Test.OverloadedConstructors.‚Ñï.S_<16>"
                  },
                  "arguments": [
                    {
                      "tag": "Application",
                      "head": {
                        "tag": "ScopeReference",
                        "name": "Test.OverloadedConstructors.‚Ñï.S_<16>"
                      },
                      "arguments": [
                        {
                          "tag": "ScopeReference",
                          "name": "Test.OverloadedConstructors.‚Ñï.O<14>"
                        }
                      ]
                    }
                  ]
                }
              ]
            },
            "original": {
              "tag": "Application",
              "head": {
                "tag": "ScopeReference",
                "name": "Test.OverloadedConstructors.mk<36>"
              },
              "arguments": [
                {
                  "tag": "ScopeReference",
                  "name": "Test.OverloadedConstructors.ùïü<18>"
                }
              ]
            }
          },
          "premises": [
            "Test.OverloadedConstructors.mk",
            "Test.OverloadedConstructors.ùïü"
          ]
        },
        {
          "ctx": {
            "pretty": "",
            "telescope": []
          },
          "goal": {
            "pretty": "‚Ñï",
            "tag": "ScopeReference",
            "name": "Test.OverloadedConstructors.‚Ñï<12>"
          },
          "term": {
            "pretty": "ùïü",
            "normalised": {
              "tag": "Application",
              "head": {
                "tag": "ScopeReference",
                "name": "Test.OverloadedConstructors.‚Ñï.S_<16>"
              },
              "arguments": [
                {
                  "tag": "Application",
                  "head": {
                    "tag": "ScopeReference",
                    "name": "Test.OverloadedConstructors.‚Ñï.S_<16>"
                  },
                  "arguments": [
                    {
                      "tag": "ScopeReference",
                      "name": "Test.OverloadedConstructors.‚Ñï.O<14>"
                    }
                  ]
                }
              ]
            },
            "original": {
              "tag": "ScopeReference",
              "name": "Test.OverloadedConstructors.ùïü<18>"
            },
            "reduced": {
              "tag": "Application",
              "head": {
                "tag": "ScopeReference",
                "name": "Test.OverloadedConstructors.‚Ñï.S_<16>"
              },
              "arguments": [
                {
                  "tag": "Application",
                  "head": {
                    "tag": "ScopeReference",
                    "name": "Test.OverloadedConstructors.‚Ñï.S_<16>"
                  },
                  "arguments": [
                    {
                      "tag": "ScopeReference",
                      "name": "Test.OverloadedConstructors.‚Ñï.O<14>"
                    }
                  ]
                }
              ]
            }
          },
          "premises": [
            "Test.OverloadedConstructors.ùïü"
          ]
        }
      ]
    }
  ]
}