{
  "name": "Test.PrivateDefinitions",
  "scope-global": [
    {
      "name": "Agda.Builtin.Nat.Nat<6>",
      "type": {
        "pretty": "Set",
        "tag": "Sort",
        "sort": "Set"
      },
      "definition": {
        "pretty": "(zero : Nat) | (suc : Nat → Nat)",
        "tag": "ADT",
        "variants": [
          {
            "tag": "ScopeReference",
            "ref-name": "Agda.Builtin.Nat.Nat<6>"
          },
          {
            "tag": "Pi",
            "bound-name": "n",
            "domain": {
              "tag": "ScopeReference",
              "ref-name": "Agda.Builtin.Nat.Nat<6>"
            },
            "codomain": {
              "tag": "ScopeReference",
              "ref-name": "Agda.Builtin.Nat.Nat<6>"
            }
          }
        ]
      }
    },
    {
      "name": "Agda.Builtin.Nat.Nat.zero<8>",
      "type": {
        "pretty": "Nat",
        "tag": "ScopeReference",
        "ref-name": "Agda.Builtin.Nat.Nat<6>"
      },
      "definition": {
        "pretty": "Nat@0",
        "tag": "Constructor",
        "reference": "Agda.Builtin.Nat.Nat",
        "variant": 0
      }
    },
    {
      "name": "Agda.Builtin.Nat.Nat.suc<12>",
      "type": {
        "pretty": "Nat → Nat",
        "tag": "Pi",
        "bound-name": "n",
        "domain": {
          "tag": "ScopeReference",
          "ref-name": "Agda.Builtin.Nat.Nat<6>"
        },
        "codomain": {
          "tag": "ScopeReference",
          "ref-name": "Agda.Builtin.Nat.Nat<6>"
        }
      },
      "definition": {
        "pretty": "Nat@1",
        "tag": "Constructor",
        "reference": "Agda.Builtin.Nat.Nat",
        "variant": 1
      }
    }
  ],
  "scope-local": [
    {
      "name": "Test.PrivateDefinitions.X<6>",
      "type": {
        "pretty": "Set",
        "tag": "Sort",
        "sort": "Set"
      },
      "definition": {
        "pretty": "{(x : Nat)}",
        "tag": "Record",
        "telescope": [],
        "fields": [
          {
            "tag": "ScopeReference",
            "ref-name": "Agda.Builtin.Nat.Nat<6>"
          }
        ]
      },
      "holes": []
    },
    {
      "name": "Test.PrivateDefinitions.proj<12>",
      "type": {
        "pretty": "X → Nat",
        "tag": "Pi",
        "bound-name": "_",
        "domain": {
          "tag": "ScopeReference",
          "ref-name": "Test.PrivateDefinitions.X<6>"
        },
        "codomain": {
          "tag": "ScopeReference",
          "ref-name": "Agda.Builtin.Nat.Nat<6>"
        }
      },
      "definition": {
        "pretty": "proj = λ r → X.x r",
        "tag": "Function",
        "clauses": [
          {
            "telescope": [],
            "patterns": [],
            "body": {
              "tag": "Lambda",
              "abstraction": "r",
              "body": {
                "tag": "Application",
                "head": {
                  "tag": "ScopeReference",
                  "ref-name": "Test.PrivateDefinitions.X.x<10>"
                },
                "arguments": [
                  {
                    "tag": "DeBruijn",
                    "index": 0
                  }
                ]
              }
            }
          }
        ]
      },
      "holes": [
        {
          "ctx": {
            "pretty": "",
            "telescope": []
          },
          "goal": {
            "pretty": "X → Nat",
            "tag": "Pi",
            "bound-name": "_",
            "domain": {
              "tag": "ScopeReference",
              "ref-name": "Test.PrivateDefinitions.X<6>"
            },
            "codomain": {
              "tag": "ScopeReference",
              "ref-name": "Agda.Builtin.Nat.Nat<6>"
            }
          },
          "term": {
            "pretty": "λ r → X.x r",
            "tag": "Lambda",
            "abstraction": "r",
            "body": {
              "tag": "Application",
              "head": {
                "tag": "ScopeReference",
                "ref-name": "Test.PrivateDefinitions.X.x<10>"
              },
              "arguments": [
                {
                  "tag": "DeBruijn",
                  "index": 0
                }
              ]
            }
          },
          "premises": [
            "Test.PrivateDefinitions.X.x<10>"
          ]
        },
        {
          "ctx": {
            "pretty": "(r : X)",
            "telescope": [
              {
                "pretty": "(r : X)",
                "name": "r",
                "tag": "ScopeReference",
                "ref-name": "Test.PrivateDefinitions.X<6>"
              }
            ]
          },
          "goal": {
            "pretty": "Nat",
            "tag": "ScopeReference",
            "ref-name": "Agda.Builtin.Nat.Nat<6>"
          },
          "term": {
            "pretty": "X.x r",
            "tag": "Application",
            "head": {
              "tag": "ScopeReference",
              "ref-name": "Test.PrivateDefinitions.X.x<10>"
            },
            "arguments": [
              {
                "tag": "DeBruijn",
                "index": 0
              }
            ]
          },
          "premises": [
            "Test.PrivateDefinitions.X.x<10>"
          ]
        }
      ]
    },
    {
      "name": "Test.PrivateDefinitions.g<16>",
      "type": {
        "pretty": "Nat → Nat",
        "tag": "Pi",
        "bound-name": "_",
        "domain": {
          "tag": "ScopeReference",
          "ref-name": "Agda.Builtin.Nat.Nat<6>"
        },
        "codomain": {
          "tag": "ScopeReference",
          "ref-name": "Agda.Builtin.Nat.Nat<6>"
        }
      },
      "definition": {
        "pretty": "g x = Test.PrivateDefinitions.f x (Test.PrivateDefinitions.f x 0)",
        "tag": "Function",
        "clauses": [
          {
            "telescope": [
              {
                "pretty": "(x : Nat)",
                "name": "x",
                "tag": "ScopeReference",
                "ref-name": "Agda.Builtin.Nat.Nat<6>"
              }
            ],
            "patterns": [
              {
                "tag": "DeBruijn",
                "index": 0
              }
            ],
            "body": {
              "tag": "Application",
              "head": {
                "tag": "ScopeReference",
                "ref-name": "Test.PrivateDefinitions.f<14>"
              },
              "arguments": [
                {
                  "tag": "DeBruijn",
                  "index": 0
                },
                {
                  "tag": "Application",
                  "head": {
                    "tag": "ScopeReference",
                    "ref-name": "Test.PrivateDefinitions.f<14>"
                  },
                  "arguments": [
                    {
                      "tag": "DeBruijn",
                      "index": 0
                    },
                    {
                      "tag": "Literal",
                      "literal": "0"
                    }
                  ]
                }
              ]
            }
          }
        ]
      },
      "holes": [
        {
          "ctx": {
            "pretty": "(x : Nat)",
            "telescope": [
              {
                "pretty": "(x : Nat)",
                "name": "x",
                "tag": "ScopeReference",
                "ref-name": "Agda.Builtin.Nat.Nat<6>"
              }
            ]
          },
          "goal": {
            "pretty": "Nat",
            "tag": "ScopeReference",
            "ref-name": "Agda.Builtin.Nat.Nat<6>"
          },
          "term": {
            "pretty": "Test.PrivateDefinitions.f x (Test.PrivateDefinitions.f x 0)",
            "original": {
              "tag": "Application",
              "head": {
                "tag": "ScopeReference",
                "ref-name": "Test.PrivateDefinitions.f<14>"
              },
              "arguments": [
                {
                  "tag": "DeBruijn",
                  "index": 0
                },
                {
                  "tag": "Application",
                  "head": {
                    "tag": "ScopeReference",
                    "ref-name": "Test.PrivateDefinitions.f<14>"
                  },
                  "arguments": [
                    {
                      "tag": "DeBruijn",
                      "index": 0
                    },
                    {
                      "tag": "Literal",
                      "literal": "0"
                    }
                  ]
                }
              ]
            },
            "reduced": {
              "tag": "Application",
              "head": {
                "tag": "ScopeReference",
                "ref-name": "Agda.Builtin.Nat._+_<14>"
              },
              "arguments": [
                {
                  "tag": "DeBruijn",
                  "index": 0
                },
                {
                  "tag": "Application",
                  "head": {
                    "tag": "ScopeReference",
                    "ref-name": "Test.PrivateDefinitions.f<14>"
                  },
                  "arguments": [
                    {
                      "tag": "DeBruijn",
                      "index": 0
                    },
                    {
                      "tag": "Literal",
                      "literal": "0"
                    }
                  ]
                }
              ]
            },
            "normalised": {
              "tag": "Application",
              "head": {
                "tag": "ScopeReference",
                "ref-name": "Agda.Builtin.Nat._+_<14>"
              },
              "arguments": [
                {
                  "tag": "DeBruijn",
                  "index": 0
                },
                {
                  "tag": "Application",
                  "head": {
                    "tag": "ScopeReference",
                    "ref-name": "Agda.Builtin.Nat._+_<14>"
                  },
                  "arguments": [
                    {
                      "tag": "DeBruijn",
                      "index": 0
                    },
                    {
                      "tag": "Literal",
                      "literal": "0"
                    }
                  ]
                }
              ]
            }
          },
          "premises": [
            "Test.PrivateDefinitions.f<14>"
          ]
        },
        {
          "ctx": {
            "pretty": "(x₁ : Nat)",
            "telescope": [
              {
                "pretty": "(x : Nat)",
                "name": "x",
                "tag": "ScopeReference",
                "ref-name": "Agda.Builtin.Nat.Nat<6>"
              }
            ]
          },
          "goal": {
            "pretty": "Nat",
            "tag": "ScopeReference",
            "ref-name": "Agda.Builtin.Nat.Nat<6>"
          },
          "term": {
            "pretty": "Test.PrivateDefinitions.f x 0",
            "original": {
              "tag": "Application",
              "head": {
                "tag": "ScopeReference",
                "ref-name": "Test.PrivateDefinitions.f<14>"
              },
              "arguments": [
                {
                  "tag": "DeBruijn",
                  "index": 0
                },
                {
                  "tag": "Literal",
                  "literal": "0"
                }
              ]
            },
            "reduced": {
              "tag": "Application",
              "head": {
                "tag": "ScopeReference",
                "ref-name": "Agda.Builtin.Nat._+_<14>"
              },
              "arguments": [
                {
                  "tag": "DeBruijn",
                  "index": 0
                },
                {
                  "tag": "Literal",
                  "literal": "0"
                }
              ]
            }
          },
          "premises": [
            "Test.PrivateDefinitions.f<14>"
          ]
        }
      ]
    }
  ],
  "scope-private": [
    {
      "name": "Test.PrivateDefinitions.X.x<10>",
      "type": {
        "pretty": "X → Nat",
        "tag": "Pi",
        "bound-name": "r",
        "domain": {
          "tag": "ScopeReference",
          "ref-name": "Test.PrivateDefinitions.X<6>"
        },
        "codomain": {
          "tag": "ScopeReference",
          "ref-name": "Agda.Builtin.Nat.Nat<6>"
        }
      },
      "definition": {
        "pretty": "X.x = x",
        "tag": "Function",
        "clauses": [
          {
            "telescope": [
              {
                "pretty": "(x : Nat)",
                "name": "x",
                "tag": "ScopeReference",
                "ref-name": "Agda.Builtin.Nat.Nat<6>"
              }
            ],
            "patterns": [
              {
                "tag": "Application",
                "head": {
                  "tag": "ScopeReference",
                  "ref-name": "Test.PrivateDefinitions.X.constructor"
                },
                "arguments": [
                  {
                    "tag": "DeBruijn",
                    "index": 0
                  }
                ]
              }
            ],
            "body": {
              "tag": "DeBruijn",
              "index": 0
            }
          }
        ]
      },
      "holes": []
    },
    {
      "name": "Test.PrivateDefinitions.X.constructor<5>",
      "type": {
        "pretty": "(x : Nat) → X",
        "tag": "Pi",
        "bound-name": "x",
        "domain": {
          "tag": "ScopeReference",
          "ref-name": "Agda.Builtin.Nat.Nat<6>"
        },
        "codomain": {
          "tag": "ScopeReference",
          "ref-name": "Test.PrivateDefinitions.X<6>"
        }
      },
      "definition": {
        "pretty": "X@0",
        "tag": "Constructor",
        "reference": "Test.PrivateDefinitions.X",
        "variant": 0
      },
      "holes": []
    },
    {
      "name": "Test.PrivateDefinitions.f<14>",
      "type": {
        "pretty": "Nat → Nat → Nat",
        "tag": "Pi",
        "bound-name": "_",
        "domain": {
          "tag": "ScopeReference",
          "ref-name": "Agda.Builtin.Nat.Nat<6>"
        },
        "codomain": {
          "tag": "Pi",
          "bound-name": "_",
          "domain": {
            "tag": "ScopeReference",
            "ref-name": "Agda.Builtin.Nat.Nat<6>"
          },
          "codomain": {
            "tag": "ScopeReference",
            "ref-name": "Agda.Builtin.Nat.Nat<6>"
          }
        }
      },
      "definition": {
        "pretty": "Test.PrivateDefinitions.f = Agda.Builtin.Nat._+_",
        "tag": "Function",
        "clauses": [
          {
            "telescope": [],
            "patterns": [],
            "body": {
              "tag": "ScopeReference",
              "ref-name": "Agda.Builtin.Nat._+_<14>"
            }
          }
        ]
      },
      "holes": [
        {
          "ctx": {
            "pretty": "",
            "telescope": []
          },
          "goal": {
            "pretty": "Nat → Nat → Nat",
            "tag": "Pi",
            "bound-name": "_",
            "domain": {
              "tag": "ScopeReference",
              "ref-name": "Agda.Builtin.Nat.Nat<6>"
            },
            "codomain": {
              "tag": "Pi",
              "bound-name": "_",
              "domain": {
                "tag": "ScopeReference",
                "ref-name": "Agda.Builtin.Nat.Nat<6>"
              },
              "codomain": {
                "tag": "ScopeReference",
                "ref-name": "Agda.Builtin.Nat.Nat<6>"
              }
            }
          },
          "term": {
            "pretty": "Agda.Builtin.Nat._+_",
            "tag": "ScopeReference",
            "ref-name": "Agda.Builtin.Nat._+_<14>"
          },
          "premises": [
            "Agda.Builtin.Nat._+_<14>"
          ]
        }
      ]
    }
  ]
}