{
  "name": "Test.PatternSynonyms",
  "scope-global": [
    {
      "name": "Agda.Builtin.Nat.Nat<6>",
      "type": {
        "pretty": "Set",
        "tag": "Sort",
        "sort": "Set"
      },
      "definition": {
        "pretty": "(zero : Nat) | (suc : Nat → Nat)",
        "tag": "ADT",
        "variants": [
          {
            "tag": "ScopeReference",
            "name": "Agda.Builtin.Nat.Nat<6>"
          },
          {
            "tag": "Pi",
            "name": "n",
            "domain": {
              "tag": "ScopeReference",
              "name": "Agda.Builtin.Nat.Nat<6>"
            },
            "codomain": {
              "tag": "ScopeReference",
              "name": "Agda.Builtin.Nat.Nat<6>"
            }
          }
        ]
      }
    },
    {
      "name": "Agda.Builtin.Sigma.Σ<14>",
      "type": {
        "pretty": "{a b : Agda.Primitive.Level} (A : Set a) (B : A → Set b) → Set (a Agda.Primitive.⊔ b)",
        "tag": "Pi",
        "name": "a",
        "domain": {
          "tag": "ScopeReference",
          "name": "Agda.Primitive.Level<14>"
        },
        "codomain": {
          "tag": "Pi",
          "name": "b",
          "domain": {
            "tag": "ScopeReference",
            "name": "Agda.Primitive.Level<14>"
          },
          "codomain": {
            "tag": "Pi",
            "name": "A",
            "domain": {
              "tag": "Sort",
              "sort": "Set @1"
            },
            "codomain": {
              "tag": "Pi",
              "name": "B",
              "domain": {
                "tag": "Pi",
                "name": "_",
                "domain": {
                  "tag": "DeBruijn",
                  "index": 0
                },
                "codomain": {
                  "tag": "Sort",
                  "sort": "Set @1"
                }
              },
              "codomain": {
                "tag": "Sort",
                "sort": "Set (lub @3 @2)"
              }
            }
          }
        }
      },
      "definition": {
        "pretty": "{a : Agda.Primitive.Level} {b : Agda.Primitive.Level} {A : Set a} {B : A → Set b} |- {(fst : @1) ; (snd : @1 @0)}",
        "tag": "Record",
        "telescope": [
          {
            "pretty": "{a : Agda.Primitive.Level}",
            "tag": "ScopeReference",
            "name": "Agda.Primitive.Level<14>"
          },
          {
            "pretty": "{b : Agda.Primitive.Level}",
            "tag": "ScopeReference",
            "name": "Agda.Primitive.Level<14>"
          },
          {
            "pretty": "{A : Set @1}",
            "tag": "Sort",
            "name": "A",
            "sort": "Set @1"
          },
          {
            "pretty": "{B : @0 → Set @1}",
            "tag": "Pi",
            "name": "_",
            "domain": {
              "tag": "DeBruijn",
              "index": 0
            },
            "codomain": {
              "tag": "Sort",
              "sort": "Set @1"
            }
          }
        ],
        "fields": [
          {
            "tag": "DeBruijn",
            "index": 1
          },
          {
            "tag": "Application",
            "head": {
              "tag": "DeBruijn",
              "index": 1
            },
            "arguments": [
              {
                "tag": "DeBruijn",
                "index": 0
              }
            ]
          }
        ]
      }
    },
    {
      "name": "Agda.Builtin.Sigma._,_<32>",
      "type": {
        "pretty": "{a b : Agda.Primitive.Level} {A : Set a} {B : A → Set b} (fst : A) (snd : B fst) → Σ A B",
        "tag": "Pi",
        "name": "a",
        "domain": {
          "tag": "ScopeReference",
          "name": "Agda.Primitive.Level<14>"
        },
        "codomain": {
          "tag": "Pi",
          "name": "b",
          "domain": {
            "tag": "ScopeReference",
            "name": "Agda.Primitive.Level<14>"
          },
          "codomain": {
            "tag": "Pi",
            "name": "A",
            "domain": {
              "tag": "Sort",
              "sort": "Set @1"
            },
            "codomain": {
              "tag": "Pi",
              "name": "B",
              "domain": {
                "tag": "Pi",
                "name": "_",
                "domain": {
                  "tag": "DeBruijn",
                  "index": 0
                },
                "codomain": {
                  "tag": "Sort",
                  "sort": "Set @1"
                }
              },
              "codomain": {
                "tag": "Pi",
                "name": "fst",
                "domain": {
                  "tag": "DeBruijn",
                  "index": 1
                },
                "codomain": {
                  "tag": "Pi",
                  "name": "snd",
                  "domain": {
                    "tag": "Application",
                    "head": {
                      "tag": "DeBruijn",
                      "index": 1
                    },
                    "arguments": [
                      {
                        "tag": "DeBruijn",
                        "index": 0
                      }
                    ]
                  },
                  "codomain": {
                    "tag": "Application",
                    "head": {
                      "tag": "ScopeReference",
                      "name": "Agda.Builtin.Sigma.Σ<14>"
                    },
                    "arguments": [
                      {
                        "tag": "DeBruijn",
                        "index": 5
                      },
                      {
                        "tag": "DeBruijn",
                        "index": 4
                      },
                      {
                        "tag": "DeBruijn",
                        "index": 3
                      },
                      {
                        "tag": "DeBruijn",
                        "index": 2
                      }
                    ]
                  }
                }
              }
            }
          }
        }
      },
      "definition": {
        "pretty": "Σ@0",
        "tag": "Constructor",
        "reference": "Agda.Builtin.Sigma.Σ",
        "variant": 0
      }
    }
  ],
  "scope-local": [
    {
      "name": "Test.PatternSynonyms.dupNum<12>",
      "type": {
        "pretty": "Nat → Σ Nat (λ _ → Nat)",
        "tag": "Pi",
        "name": "_",
        "domain": {
          "tag": "ScopeReference",
          "name": "Agda.Builtin.Nat.Nat<6>"
        },
        "codomain": {
          "tag": "Application",
          "head": {
            "tag": "ScopeReference",
            "name": "Agda.Builtin.Sigma.Σ<14>"
          },
          "arguments": [
            {
              "tag": "Level",
              "level": "lzero"
            },
            {
              "tag": "Level",
              "level": "lzero"
            },
            {
              "tag": "ScopeReference",
              "name": "Agda.Builtin.Nat.Nat<6>"
            },
            {
              "tag": "Lambda",
              "abstraction": "_",
              "body": {
                "tag": "ScopeReference",
                "name": "Agda.Builtin.Nat.Nat<6>"
              }
            }
          ]
        }
      },
      "definition": {
        "pretty": "dupNum n = ⟨ n , n ⟩",
        "tag": "Function",
        "clauses": [
          {
            "telescope": [
              {
                "pretty": "(n : Nat)",
                "tag": "ScopeReference",
                "name": "Agda.Builtin.Nat.Nat<6>"
              }
            ],
            "patterns": [
              {
                "tag": "DeBruijn",
                "index": 0
              }
            ],
            "body": {
              "tag": "Application",
              "head": {
                "tag": "ScopeReference",
                "name": "Agda.Builtin.Sigma._,_<32>"
              },
              "arguments": [
                {
                  "tag": "DeBruijn",
                  "index": 0
                },
                {
                  "tag": "DeBruijn",
                  "index": 0
                }
              ]
            }
          }
        ]
      },
      "holes": [
        {
          "ctx": {
            "pretty": "(n : Nat)",
            "telescope": [
              {
                "pretty": "(n : Nat)",
                "tag": "ScopeReference",
                "name": "Agda.Builtin.Nat.Nat<6>"
              }
            ]
          },
          "goal": {
            "pretty": "Σ Nat (λ _ → Nat)",
            "tag": "Application",
            "head": {
              "tag": "ScopeReference",
              "name": "Agda.Builtin.Sigma.Σ<14>"
            },
            "arguments": [
              {
                "tag": "Level",
                "level": "lzero"
              },
              {
                "tag": "Level",
                "level": "lzero"
              },
              {
                "tag": "ScopeReference",
                "name": "Agda.Builtin.Nat.Nat<6>"
              },
              {
                "tag": "Lambda",
                "abstraction": "_",
                "body": {
                  "tag": "ScopeReference",
                  "name": "Agda.Builtin.Nat.Nat<6>"
                }
              }
            ]
          },
          "term": {
            "pretty": "⟨ n , n ⟩",
            "tag": "Application",
            "head": {
              "tag": "ScopeReference",
              "name": "Agda.Builtin.Sigma._,_<32>"
            },
            "arguments": [
              {
                "tag": "DeBruijn",
                "index": 0
              },
              {
                "tag": "DeBruijn",
                "index": 0
              }
            ]
          },
          "premises": [
            "Agda.Builtin.Sigma._,_<32>"
          ]
        }
      ]
    }
  ]
}