{
  "name": "Test.Fields",
  "scope-global": [
    {
      "name": "Agda.Builtin.String.String<6>",
      "type": {
        "pretty": "Set",
        "dependency-level": 0,
        "tag": "Sort",
        "sort": "Set"
      },
      "definition": {
        "pretty": "<Axiom>",
        "tag": "Postulate"
      }
    }
  ],
  "scope-local": [
    {
      "name": "Test.Fields.Name<4>",
      "type": {
        "pretty": "Set",
        "dependency-level": 0,
        "tag": "Sort",
        "sort": "Set"
      },
      "definition": {
        "pretty": "{(first : String) ; (last : String)}",
        "tag": "Record",
        "telescope": [],
        "fields": [
          {
            "dependency-level": 0,
            "tag": "ScopeReference",
            "ref-name": "Agda.Builtin.String.String<6>"
          },
          {
            "dependency-level": 0,
            "tag": "ScopeReference",
            "ref-name": "Agda.Builtin.String.String<6>"
          }
        ]
      },
      "holes": []
    },
    {
      "name": "Test.Fields.Name.first<10>",
      "type": {
        "pretty": "Name → String",
        "dependency-level": 0,
        "tag": "Pi",
        "bound-name": "r",
        "domain": {
          "tag": "ScopeReference",
          "ref-name": "Test.Fields.Name<4>"
        },
        "codomain": {
          "tag": "ScopeReference",
          "ref-name": "Agda.Builtin.String.String<6>"
        }
      },
      "definition": {
        "pretty": "first = first₁",
        "tag": "Function",
        "clauses": [
          {
            "telescope": [
              {
                "pretty": "(first : String)",
                "name": "first",
                "dependency-level": 0,
                "tag": "ScopeReference",
                "ref-name": "Agda.Builtin.String.String<6>"
              },
              {
                "pretty": "(last : String)",
                "name": "last",
                "dependency-level": 0,
                "tag": "ScopeReference",
                "ref-name": "Agda.Builtin.String.String<6>"
              }
            ],
            "patterns": [
              {
                "tag": "Application",
                "head": {
                  "tag": "ScopeReference",
                  "ref-name": "Test.Fields.Name.constructor"
                },
                "arguments": [
                  {
                    "tag": "DeBruijn",
                    "index": 1
                  },
                  {
                    "tag": "DeBruijn",
                    "index": 0
                  }
                ]
              }
            ],
            "body": {
              "tag": "DeBruijn",
              "index": 1
            }
          }
        ]
      },
      "holes": []
    },
    {
      "name": "Test.Fields.Name.last<12>",
      "type": {
        "pretty": "Name → String",
        "dependency-level": 0,
        "tag": "Pi",
        "bound-name": "r",
        "domain": {
          "tag": "ScopeReference",
          "ref-name": "Test.Fields.Name<4>"
        },
        "codomain": {
          "tag": "ScopeReference",
          "ref-name": "Agda.Builtin.String.String<6>"
        }
      },
      "definition": {
        "pretty": "last = last₁",
        "tag": "Function",
        "clauses": [
          {
            "telescope": [
              {
                "pretty": "(first : String)",
                "name": "first",
                "dependency-level": 0,
                "tag": "ScopeReference",
                "ref-name": "Agda.Builtin.String.String<6>"
              },
              {
                "pretty": "(last : String)",
                "name": "last",
                "dependency-level": 0,
                "tag": "ScopeReference",
                "ref-name": "Agda.Builtin.String.String<6>"
              }
            ],
            "patterns": [
              {
                "tag": "Application",
                "head": {
                  "tag": "ScopeReference",
                  "ref-name": "Test.Fields.Name.constructor"
                },
                "arguments": [
                  {
                    "tag": "DeBruijn",
                    "index": 1
                  },
                  {
                    "tag": "DeBruijn",
                    "index": 0
                  }
                ]
              }
            ],
            "body": {
              "tag": "DeBruijn",
              "index": 0
            }
          }
        ]
      },
      "holes": []
    },
    {
      "name": "Test.Fields.User<14>",
      "type": {
        "pretty": "Set",
        "dependency-level": 0,
        "tag": "Sort",
        "sort": "Set"
      },
      "definition": {
        "pretty": "{(name : Name)}",
        "tag": "Record",
        "telescope": [],
        "fields": [
          {
            "dependency-level": 0,
            "tag": "ScopeReference",
            "ref-name": "Test.Fields.Name<4>"
          }
        ]
      },
      "holes": []
    },
    {
      "name": "Test.Fields.User.name<18>",
      "type": {
        "pretty": "User → Name",
        "dependency-level": 0,
        "tag": "Pi",
        "bound-name": "r",
        "domain": {
          "tag": "ScopeReference",
          "ref-name": "Test.Fields.User<14>"
        },
        "codomain": {
          "tag": "ScopeReference",
          "ref-name": "Test.Fields.Name<4>"
        }
      },
      "definition": {
        "pretty": "name = name₁",
        "tag": "Function",
        "clauses": [
          {
            "telescope": [
              {
                "pretty": "(name : Name)",
                "name": "name",
                "dependency-level": 0,
                "tag": "ScopeReference",
                "ref-name": "Test.Fields.Name<4>"
              }
            ],
            "patterns": [
              {
                "tag": "Application",
                "head": {
                  "tag": "ScopeReference",
                  "ref-name": "Test.Fields.User.constructor"
                },
                "arguments": [
                  {
                    "tag": "DeBruijn",
                    "index": 0
                  }
                ]
              }
            ],
            "body": {
              "tag": "DeBruijn",
              "index": 0
            }
          }
        ]
      },
      "holes": []
    },
    {
      "name": "Test.Fields.koks<20>",
      "type": {
        "pretty": "User",
        "dependency-level": 0,
        "tag": "ScopeReference",
        "ref-name": "Test.Fields.User<14>"
      },
      "definition": {
        "pretty": "<Axiom>",
        "tag": "Postulate"
      },
      "holes": []
    },
    {
      "name": "Test.Fields.kokos<22>",
      "type": {
        "pretty": "String",
        "dependency-level": 0,
        "tag": "ScopeReference",
        "ref-name": "Agda.Builtin.String.String<6>"
      },
      "definition": {
        "pretty": "kokos = koks .name .first",
        "tag": "Function",
        "clauses": [
          {
            "telescope": [],
            "patterns": [],
            "body": {
              "tag": "Application",
              "head": {
                "tag": "ScopeReference",
                "ref-name": "Test.Fields.Name.first<10>"
              },
              "arguments": [
                {
                  "tag": "Application",
                  "head": {
                    "tag": "ScopeReference",
                    "ref-name": "Test.Fields.User.name<18>"
                  },
                  "arguments": [
                    {
                      "tag": "ScopeReference",
                      "ref-name": "Test.Fields.koks<20>"
                    }
                  ]
                }
              ]
            }
          }
        ]
      },
      "holes": [
        {
          "ctx": {
            "pretty": "",
            "telescope": []
          },
          "goal": {
            "pretty": "String",
            "dependency-level": 0,
            "tag": "ScopeReference",
            "ref-name": "Agda.Builtin.String.String<6>"
          },
          "term": {
            "pretty": "koks .name .first",
            "tag": "Application",
            "head": {
              "tag": "ScopeReference",
              "ref-name": "Test.Fields.Name.first<10>"
            },
            "arguments": [
              {
                "tag": "Application",
                "head": {
                  "tag": "ScopeReference",
                  "ref-name": "Test.Fields.User.name<18>"
                },
                "arguments": [
                  {
                    "tag": "ScopeReference",
                    "ref-name": "Test.Fields.koks<20>"
                  }
                ]
              }
            ]
          },
          "premises": [
            "Test.Fields.koks<20>",
            "Test.Fields.User.name<18>",
            "Test.Fields.Name.first<10>"
          ]
        }
      ]
    }
  ],
  "scope-private": [
    {
      "name": "Test.Fields.User.constructor<43>",
      "type": {
        "pretty": "(name₁ : Name) → User",
        "dependency-level": 0,
        "tag": "Pi",
        "bound-name": "name",
        "domain": {
          "tag": "ScopeReference",
          "ref-name": "Test.Fields.Name<4>"
        },
        "codomain": {
          "tag": "ScopeReference",
          "ref-name": "Test.Fields.User<14>"
        }
      },
      "definition": {
        "pretty": "User@0",
        "tag": "Constructor",
        "reference": "Test.Fields.User",
        "variant": 0
      },
      "holes": []
    },
    {
      "name": "Test.Fields.Name.constructor<3>",
      "type": {
        "pretty": "(first₁ last₁ : String) → Name",
        "dependency-level": 0,
        "tag": "Pi",
        "bound-name": "first",
        "domain": {
          "tag": "ScopeReference",
          "ref-name": "Agda.Builtin.String.String<6>"
        },
        "codomain": {
          "tag": "Pi",
          "bound-name": "last",
          "domain": {
            "tag": "ScopeReference",
            "ref-name": "Agda.Builtin.String.String<6>"
          },
          "codomain": {
            "tag": "ScopeReference",
            "ref-name": "Test.Fields.Name<4>"
          }
        }
      },
      "definition": {
        "pretty": "Name@0",
        "tag": "Constructor",
        "reference": "Test.Fields.Name",
        "variant": 0
      },
      "holes": []
    }
  ]
}